Component: ARM Compiler 5.06 update 5 (build 528) Tool: armlink [4d35e2]

==============================================================================

Section Cross References

    main.o(.text) refers to timers.o(.text) for gp_timer_config_32
    main.o(.text) refers to serial_debug.o(.text) for init_serial_debug
    main.o(.text) refers to ft6x06.o(.text) for ft6x06_init
    project_interrupts.o(.text) refers to project_interrupts.o(.data) for timer4_count
    pc_buffer.o(.text) refers to malloc.o(i.malloc) for malloc
    accel.o(.text) refers to spi_select.o(.text) for spi_select_init
    accel.o(.text) refers to gpio_port.o(.text) for gpio_enable_port
    accel.o(.text) refers to spi.o(.text) for initialize_spi
    eeprom.o(.text) refers to i2c.o(.text) for i2cVerifyBaseAddr
    eeprom.o(.text) refers to gpio_port.o(.text) for gpio_enable_port
    ft6x06.o(.text) refers to i2c.o(.text) for I2CMasterBusy
    ft6x06.o(.text) refers to gpio_port.o(.text) for gpio_enable_port
    lcd.o(.text) refers to lcd.o(i.lcd_write_data_u16) for lcd_write_data_u16
    lcd.o(.text) refers to gpio_port.o(.text) for gpio_enable_port
    ps2.o(.text) refers to gpio_port.o(.text) for gpio_enable_port
    ps2.o(.text) refers to adc.o(.text) for initialize_adc
    serial_debug.o(.text) refers to gpio_port.o(.text) for gpio_enable_port
    serial_debug.o(.text) refers to pc_buffer.o(.text) for pc_buffer_init
    serial_debug.o(.text) refers to uart.o(.text) for uart_init
    serial_debug.o(.text) refers to main.o(.text) for DisableInterrupts
    serial_debug.o(.text) refers to serial_debug.o(.data) for Rx_Interrupts_Enabled
    serial_debug.o(.text) refers to serial_debug.o(.bss) for UART0_Tx_Buffer
    serial_debug.o(.text) refers to stdout.o(.data) for __stdout
    spi_select.o(.text) refers to gpio_port.o(.text) for gpio_enable_port
    startup_tm4c123.o(RESET) refers to startup_tm4c123.o(STACK) for __initial_sp
    startup_tm4c123.o(RESET) refers to startup_tm4c123.o(.text) for Reset_Handler
    startup_tm4c123.o(RESET) refers to serial_debug.o(.text) for UART0_Handler
    startup_tm4c123.o(RESET) refers to project_interrupts.o(.text) for ADC0SS1_Handler
    startup_tm4c123.o(.text) refers to system_tm4c123.o(.text) for SystemInit
    startup_tm4c123.o(.text) refers to entry.o(.ARM.Collect$$$$00000000) for __main
    system_tm4c123.o(.text) refers to system_tm4c123.o(.data) for SystemCoreClock
    entry.o(.ARM.Collect$$$$00000000) refers (Special) to entry10a.o(.ARM.Collect$$$$0000000D) for __rt_final_cpp
    entry.o(.ARM.Collect$$$$00000000) refers (Special) to entry11a.o(.ARM.Collect$$$$0000000F) for __rt_final_exit
    entry.o(.ARM.Collect$$$$00000000) refers (Special) to entry7b.o(.ARM.Collect$$$$00000008) for _main_clock
    entry.o(.ARM.Collect$$$$00000000) refers (Special) to entry8b.o(.ARM.Collect$$$$0000000A) for _main_cpp_init
    entry.o(.ARM.Collect$$$$00000000) refers (Special) to entry9a.o(.ARM.Collect$$$$0000000B) for _main_init
    entry.o(.ARM.Collect$$$$00000000) refers (Special) to entry5.o(.ARM.Collect$$$$00000004) for _main_scatterload
    entry.o(.ARM.Collect$$$$00000000) refers (Special) to entry2.o(.ARM.Collect$$$$00000001) for _main_stk
    malloc.o(i.free) refers to mvars.o(.data) for __microlib_freelist
    malloc.o(i.malloc) refers to mvars.o(.data) for __microlib_freelist_initialised
    malloc.o(i.malloc) refers to mvars.o(.data) for __microlib_freelist
    malloc.o(i.malloc) refers to startup_tm4c123.o(HEAP) for __heap_base
    mallocr.o(i.__free$realloc) refers to mvars.o(.data) for __microlib_freelist
    mallocr.o(i.__malloc$realloc) refers to mallocr.o(i.internal_alloc) for internal_alloc
    mallocr.o(i.__malloc$realloc) refers to mvars.o(.data) for __microlib_freelist_initialised
    mallocr.o(i.__malloc$realloc) refers to startup_tm4c123.o(HEAP) for __heap_base
    mallocr.o(i.__malloc$realloc) refers to mvars.o(.data) for __microlib_freelist
    mallocr.o(i.internal_alloc) refers to memcpya.o(.text) for __aeabi_memcpy
    mallocr.o(i.internal_alloc) refers to mvars.o(.data) for __microlib_freelist
    mallocr.o(i.realloc) refers to mallocr.o(i.__free$realloc) for __free$realloc
    mallocr.o(i.realloc) refers to mallocr.o(i.internal_alloc) for internal_alloc
    mallocr.o(i.realloc) refers to mallocr.o(i.__malloc$realloc) for __malloc$realloc
    mallocr.o(i.realloc) refers to mvars.o(.data) for __microlib_freelist
    malloca.o(i.__aligned_malloc) refers to mvars.o(.data) for __microlib_freelist_initialised
    malloca.o(i.__aligned_malloc) refers to mvars.o(.data) for __microlib_freelist
    malloca.o(i.__aligned_malloc) refers to startup_tm4c123.o(HEAP) for __heap_base
    malloca.o(i.__free$memalign) refers to mvars.o(.data) for __microlib_freelist
    malloca.o(i.__malloc$memalign) refers to malloca.o(i.__aligned_malloc) for __aligned_malloc
    mallocra.o(i.__aligned_malloc$realloc) refers to mallocra.o(i.internal_alloc) for internal_alloc
    mallocra.o(i.__aligned_malloc$realloc) refers to mvars.o(.data) for __microlib_freelist_initialised
    mallocra.o(i.__aligned_malloc$realloc) refers to startup_tm4c123.o(HEAP) for __heap_base
    mallocra.o(i.__aligned_malloc$realloc) refers to mvars.o(.data) for __microlib_freelist
    mallocra.o(i.__free$realloc$memalign) refers to mvars.o(.data) for __microlib_freelist
    mallocra.o(i.__malloc$realloc$memalign) refers to mallocra.o(i.__aligned_malloc$realloc) for __aligned_malloc$realloc
    mallocra.o(i.__realloc$memalign) refers to mallocra.o(i.__free$realloc$memalign) for __free$realloc$memalign
    mallocra.o(i.__realloc$memalign) refers to mallocra.o(i.internal_alloc) for internal_alloc
    mallocra.o(i.__realloc$memalign) refers to mallocra.o(i.__malloc$realloc$memalign) for __malloc$realloc$memalign
    mallocra.o(i.__realloc$memalign) refers to mvars.o(.data) for __microlib_freelist
    mallocra.o(i.internal_alloc) refers to memcpya.o(.text) for __aeabi_memcpy
    mallocra.o(i.internal_alloc) refers to mvars.o(.data) for __microlib_freelist
    entry2.o(.ARM.Collect$$$$00000001) refers to entry2.o(.ARM.Collect$$$$00002712) for __lit__00000000
    entry2.o(.ARM.Collect$$$$00002712) refers to startup_tm4c123.o(STACK) for __initial_sp
    entry2.o(__vectab_stack_and_reset_area) refers to startup_tm4c123.o(STACK) for __initial_sp
    entry2.o(__vectab_stack_and_reset_area) refers to entry.o(.ARM.Collect$$$$00000000) for __main
    entry5.o(.ARM.Collect$$$$00000004) refers to init.o(.text) for __scatterload
    entry9a.o(.ARM.Collect$$$$0000000B) refers to main.o(.text) for main
    entry9b.o(.ARM.Collect$$$$0000000C) refers to main.o(.text) for main
    init.o(.text) refers to entry5.o(.ARM.Collect$$$$00000004) for __main_after_scatterload


==============================================================================

Removing Unused input sections from the image.

    Removing main.o(.rev16_text), (4 bytes).
    Removing main.o(.revsh_text), (4 bytes).
    Removing main.o(.rrx_text), (6 bytes).
    Removing project_hardware_init.o(.rev16_text), (4 bytes).
    Removing project_hardware_init.o(.revsh_text), (4 bytes).
    Removing project_hardware_init.o(.rrx_text), (6 bytes).
    Removing project_hardware_init.o(.text), (692 bytes).
    Removing project_interrupts.o(.rev16_text), (4 bytes).
    Removing project_interrupts.o(.revsh_text), (4 bytes).
    Removing project_interrupts.o(.rrx_text), (6 bytes).
    Removing adc.o(.rev16_text), (4 bytes).
    Removing adc.o(.revsh_text), (4 bytes).
    Removing adc.o(.rrx_text), (6 bytes).
    Removing adc.o(.text), (172 bytes).
    Removing gpio_port.o(.rev16_text), (4 bytes).
    Removing gpio_port.o(.revsh_text), (4 bytes).
    Removing gpio_port.o(.rrx_text), (6 bytes).
    Removing i2c.o(.rev16_text), (4 bytes).
    Removing i2c.o(.revsh_text), (4 bytes).
    Removing i2c.o(.rrx_text), (6 bytes).
    Removing spi.o(.rev16_text), (4 bytes).
    Removing spi.o(.revsh_text), (4 bytes).
    Removing spi.o(.rrx_text), (6 bytes).
    Removing spi.o(.text), (396 bytes).
    Removing timers.o(.rev16_text), (4 bytes).
    Removing timers.o(.revsh_text), (4 bytes).
    Removing timers.o(.rrx_text), (6 bytes).
    Removing uart.o(.rev16_text), (4 bytes).
    Removing uart.o(.revsh_text), (4 bytes).
    Removing uart.o(.rrx_text), (6 bytes).
    Removing accel.o(.rev16_text), (4 bytes).
    Removing accel.o(.revsh_text), (4 bytes).
    Removing accel.o(.rrx_text), (6 bytes).
    Removing accel.o(.text), (292 bytes).
    Removing eeprom.o(.rev16_text), (4 bytes).
    Removing eeprom.o(.revsh_text), (4 bytes).
    Removing eeprom.o(.rrx_text), (6 bytes).
    Removing eeprom.o(.text), (428 bytes).
    Removing ft6x06.o(.rev16_text), (4 bytes).
    Removing ft6x06.o(.revsh_text), (4 bytes).
    Removing ft6x06.o(.rrx_text), (6 bytes).
    Removing launchpad_io.o(.rev16_text), (4 bytes).
    Removing launchpad_io.o(.revsh_text), (4 bytes).
    Removing launchpad_io.o(.rrx_text), (6 bytes).
    Removing launchpad_io.o(.text), (196 bytes).
    Removing lcd.o(.rev16_text), (4 bytes).
    Removing lcd.o(.revsh_text), (4 bytes).
    Removing lcd.o(.rrx_text), (6 bytes).
    Removing lcd.o(.text), (1488 bytes).
    Removing ps2.o(.rev16_text), (4 bytes).
    Removing ps2.o(.revsh_text), (4 bytes).
    Removing ps2.o(.rrx_text), (6 bytes).
    Removing ps2.o(.text), (88 bytes).
    Removing serial_debug.o(.rev16_text), (4 bytes).
    Removing serial_debug.o(.revsh_text), (4 bytes).
    Removing serial_debug.o(.rrx_text), (6 bytes).
    Removing spi_select.o(.rev16_text), (4 bytes).
    Removing spi_select.o(.revsh_text), (4 bytes).
    Removing spi_select.o(.rrx_text), (6 bytes).
    Removing spi_select.o(.text), (164 bytes).
    Removing ws2812b.o(FLASH), (160 bytes).
    Removing system_tm4c123.o(.rev16_text), (4 bytes).
    Removing system_tm4c123.o(.revsh_text), (4 bytes).
    Removing system_tm4c123.o(.rrx_text), (6 bytes).
    Removing lcd.o(i.lcd_write_data_u16), (60 bytes).

65 unused section(s) (total 4388 bytes) removed from the image.

==============================================================================

Image Symbol Table

    Local Symbols

    Symbol Name                              Value     Ov Type        Size  Object(Section)

    RESET                                    0x00000000   Section      620  startup_tm4c123.o(RESET)
    ../clib/microlib/init/entry.s            0x00000000   Number         0  entry8b.o ABSOLUTE
    ../clib/microlib/init/entry.s            0x00000000   Number         0  entry5.o ABSOLUTE
    ../clib/microlib/init/entry.s            0x00000000   Number         0  entry11b.o ABSOLUTE
    ../clib/microlib/init/entry.s            0x00000000   Number         0  entry10b.o ABSOLUTE
    ../clib/microlib/init/entry.s            0x00000000   Number         0  entry10a.o ABSOLUTE
    ../clib/microlib/init/entry.s            0x00000000   Number         0  entry9b.o ABSOLUTE
    ../clib/microlib/init/entry.s            0x00000000   Number         0  entry9a.o ABSOLUTE
    ../clib/microlib/init/entry.s            0x00000000   Number         0  entry7a.o ABSOLUTE
    ../clib/microlib/init/entry.s            0x00000000   Number         0  entry8a.o ABSOLUTE
    ../clib/microlib/init/entry.s            0x00000000   Number         0  entry7b.o ABSOLUTE
    ../clib/microlib/init/entry.s            0x00000000   Number         0  entry2.o ABSOLUTE
    ../clib/microlib/init/entry.s            0x00000000   Number         0  entry.o ABSOLUTE
    ../clib/microlib/init/entry.s            0x00000000   Number         0  entry11a.o ABSOLUTE
    ../clib/microlib/malloc/malloc.c         0x00000000   Number         0  mallocra.o ABSOLUTE
    ../clib/microlib/malloc/malloc.c         0x00000000   Number         0  malloc.o ABSOLUTE
    ../clib/microlib/malloc/malloc.c         0x00000000   Number         0  malloca.o ABSOLUTE
    ../clib/microlib/malloc/malloc.c         0x00000000   Number         0  mallocr.o ABSOLUTE
    ../clib/microlib/malloc/mvars.c          0x00000000   Number         0  mvars.o ABSOLUTE
    ../clib/microlib/stdio/streams.c         0x00000000   Number         0  stdout.o ABSOLUTE
    ../clib/microlib/string/memcpy.c         0x00000000   Number         0  memcpya.o ABSOLUTE
    ../clib/microlib/string/memcpy.c         0x00000000   Number         0  memcpyb.o ABSOLUTE
    ..\\drivers\\c\\adc.c                    0x00000000   Number         0  adc.o ABSOLUTE
    ..\\drivers\\c\\gpio_port.c              0x00000000   Number         0  gpio_port.o ABSOLUTE
    ..\\drivers\\c\\i2c.c                    0x00000000   Number         0  i2c.o ABSOLUTE
    ..\\drivers\\c\\spi.c                    0x00000000   Number         0  spi.o ABSOLUTE
    ..\\drivers\\c\\timers.c                 0x00000000   Number         0  timers.o ABSOLUTE
    ..\\drivers\\c\\uart.c                   0x00000000   Number         0  uart.o ABSOLUTE
    ..\\peripherals\\c\\accel.c              0x00000000   Number         0  accel.o ABSOLUTE
    ..\\peripherals\\c\\eeprom.c             0x00000000   Number         0  eeprom.o ABSOLUTE
    ..\\peripherals\\c\\ft6x06.c             0x00000000   Number         0  ft6x06.o ABSOLUTE
    ..\\peripherals\\c\\launchpad_io.c       0x00000000   Number         0  launchpad_io.o ABSOLUTE
    ..\\peripherals\\c\\lcd.c                0x00000000   Number         0  lcd.o ABSOLUTE
    ..\\peripherals\\c\\ps2.c                0x00000000   Number         0  ps2.o ABSOLUTE
    ..\\peripherals\\c\\serial_debug.c       0x00000000   Number         0  serial_debug.o ABSOLUTE
    ..\\peripherals\\c\\spi_select.c         0x00000000   Number         0  spi_select.o ABSOLUTE
    ..\drivers\c\adc.c                       0x00000000   Number         0  adc.o ABSOLUTE
    ..\drivers\c\gpio_port.c                 0x00000000   Number         0  gpio_port.o ABSOLUTE
    ..\drivers\c\i2c.c                       0x00000000   Number         0  i2c.o ABSOLUTE
    ..\drivers\c\pc_buffer.c                 0x00000000   Number         0  pc_buffer.o ABSOLUTE
    ..\drivers\c\spi.c                       0x00000000   Number         0  spi.o ABSOLUTE
    ..\drivers\c\timers.c                    0x00000000   Number         0  timers.o ABSOLUTE
    ..\drivers\c\uart.c                      0x00000000   Number         0  uart.o ABSOLUTE
    ..\peripherals\c\accel.c                 0x00000000   Number         0  accel.o ABSOLUTE
    ..\peripherals\c\eeprom.c                0x00000000   Number         0  eeprom.o ABSOLUTE
    ..\peripherals\c\ft6x06.c                0x00000000   Number         0  ft6x06.o ABSOLUTE
    ..\peripherals\c\launchpad_io.c          0x00000000   Number         0  launchpad_io.o ABSOLUTE
    ..\peripherals\c\lcd.c                   0x00000000   Number         0  lcd.o ABSOLUTE
    ..\peripherals\c\ps2.c                   0x00000000   Number         0  ps2.o ABSOLUTE
    ..\peripherals\c\serial_debug.c          0x00000000   Number         0  serial_debug.o ABSOLUTE
    ..\peripherals\c\spi_select.c            0x00000000   Number         0  spi_select.o ABSOLUTE
    ..\peripherals\c\ws2812b.s               0x00000000   Number         0  ws2812b.o ABSOLUTE
    RTE\Device\TM4C123GH6PM\startup_TM4C123.s 0x00000000   Number         0  startup_tm4c123.o ABSOLUTE
    RTE\Device\TM4C123GH6PM\system_TM4C123.c 0x00000000   Number         0  system_tm4c123.o ABSOLUTE
    RTE\\Device\\TM4C123GH6PM\\system_TM4C123.c 0x00000000   Number         0  system_tm4c123.o ABSOLUTE
    dc.s                                     0x00000000   Number         0  dc.o ABSOLUTE
    handlers.s                               0x00000000   Number         0  handlers.o ABSOLUTE
    init.s                                   0x00000000   Number         0  init.o ABSOLUTE
    main.c                                   0x00000000   Number         0  main.o ABSOLUTE
    main.c                                   0x00000000   Number         0  main.o ABSOLUTE
    project_hardware_init.c                  0x00000000   Number         0  project_hardware_init.o ABSOLUTE
    project_hardware_init.c                  0x00000000   Number         0  project_hardware_init.o ABSOLUTE
    project_interrupts.c                     0x00000000   Number         0  project_interrupts.o ABSOLUTE
    project_interrupts.c                     0x00000000   Number         0  project_interrupts.o ABSOLUTE
    .ARM.Collect$$$$00000000                 0x0000026c   Section        0  entry.o(.ARM.Collect$$$$00000000)
    .ARM.Collect$$$$00000001                 0x0000026c   Section        4  entry2.o(.ARM.Collect$$$$00000001)
    .ARM.Collect$$$$00000004                 0x00000270   Section        4  entry5.o(.ARM.Collect$$$$00000004)
    .ARM.Collect$$$$00000008                 0x00000274   Section        0  entry7b.o(.ARM.Collect$$$$00000008)
    .ARM.Collect$$$$0000000A                 0x00000274   Section        0  entry8b.o(.ARM.Collect$$$$0000000A)
    .ARM.Collect$$$$0000000B                 0x00000274   Section        8  entry9a.o(.ARM.Collect$$$$0000000B)
    .ARM.Collect$$$$0000000D                 0x0000027c   Section        0  entry10a.o(.ARM.Collect$$$$0000000D)
    .ARM.Collect$$$$0000000F                 0x0000027c   Section        0  entry11a.o(.ARM.Collect$$$$0000000F)
    .ARM.Collect$$$$00002712                 0x0000027c   Section        4  entry2.o(.ARM.Collect$$$$00002712)
    __lit__00000000                          0x0000027c   Data           4  entry2.o(.ARM.Collect$$$$00002712)
    .text                                    0x00000280   Section        0  main.o(.text)
    .text                                    0x000002b4   Section        0  project_interrupts.o(.text)
    .text                                    0x00000378   Section        0  gpio_port.o(.text)
    verify_base_addr                         0x00000379   Thumb Code    64  gpio_port.o(.text)
    .text                                    0x0000061c   Section        0  i2c.o(.text)
    .text                                    0x00000824   Section        0  pc_buffer.o(.text)
    .text                                    0x000008a0   Section        0  timers.o(.text)
    verify_base_addr                         0x000008a1   Thumb Code    64  timers.o(.text)
    get_clock_masks                          0x000008e1   Thumb Code   106  timers.o(.text)
    .text                                    0x00000a10   Section        0  uart.o(.text)
    .text                                    0x00000ca8   Section        0  ft6x06.o(.text)
    ft6x06_set_addr                          0x00000ca9   Thumb Code    50  ft6x06.o(.text)
    ft6x06_read_data                         0x00000cdb   Thumb Code    52  ft6x06.o(.text)
    .text                                    0x00000e50   Section        0  serial_debug.o(.text)
    .text                                    0x00001058   Section      252  startup_tm4c123.o(.text)
    $v0                                      0x00001058   Number         0  startup_tm4c123.o(.text)
    .text                                    0x00001154   Section        0  system_tm4c123.o(.text)
    getOscClk                                0x00001155   Thumb Code   182  system_tm4c123.o(.text)
    .text                                    0x000013a4   Section       36  init.o(.text)
    i.__scatterload_copy                     0x000013c8   Section       14  handlers.o(i.__scatterload_copy)
    i.__scatterload_null                     0x000013d6   Section        2  handlers.o(i.__scatterload_null)
    i.__scatterload_zeroinit                 0x000013d8   Section       14  handlers.o(i.__scatterload_zeroinit)
    i.malloc                                 0x000013e8   Section        0  malloc.o(i.malloc)
    .data                                    0x20000000   Section       14  project_interrupts.o(.data)
    timer4_count                             0x2000000d   Data           1  project_interrupts.o(.data)
    .data                                    0x2000000e   Section        2  serial_debug.o(.data)
    Rx_Interrupts_Enabled                    0x2000000e   Data           1  serial_debug.o(.data)
    Tx_Interrupts_Enabled                    0x2000000f   Data           1  serial_debug.o(.data)
    .data                                    0x20000010   Section        4  system_tm4c123.o(.data)
    .data                                    0x20000014   Section        4  stdout.o(.data)
    .data                                    0x20000018   Section        4  mvars.o(.data)
    .data                                    0x2000001c   Section        4  mvars.o(.data)
    .bss                                     0x20000020   Section       28  serial_debug.o(.bss)
    HEAP                                     0x20000040   Section        0  startup_tm4c123.o(HEAP)
    STACK                                    0x20000040   Section     4096  startup_tm4c123.o(STACK)

    Global Symbols

    Symbol Name                              Value     Ov Type        Size  Object(Section)

    BuildAttributes$$THM_ISAv4$E$P$D$K$B$S$7EM$VFPi3$EXTD16$VFPS$VFMA$PE$A:L22UL41UL21$X:L11$S22US41US21$IEEE1$IW$USESV6$~STKCKD$USESV7$~SHL$OSPACE$EBA8$MICROLIB$REQ8$EABIv2 0x00000000   Number         0  anon$$obj.o ABSOLUTE
    __ARM_use_no_argv                        0x00000000   Number         0  main.o ABSOLUTE
    __Vectors                                0x00000000   Data           4  startup_tm4c123.o(RESET)
    __cpp_initialize__aeabi_                  - Undefined Weak Reference
    __cxa_finalize                            - Undefined Weak Reference
    __decompress                              - Undefined Weak Reference
    _clock_init                               - Undefined Weak Reference
    _microlib_exit                            - Undefined Weak Reference
    __Vectors_End                            0x0000026c   Data           0  startup_tm4c123.o(RESET)
    __Vectors_Size                           0x0000026c   Number         0  startup_tm4c123.o ABSOLUTE
    __main                                   0x0000026d   Thumb Code     0  entry.o(.ARM.Collect$$$$00000000)
    _main_stk                                0x0000026d   Thumb Code     0  entry2.o(.ARM.Collect$$$$00000001)
    _main_scatterload                        0x00000271   Thumb Code     0  entry5.o(.ARM.Collect$$$$00000004)
    __main_after_scatterload                 0x00000275   Thumb Code     0  entry5.o(.ARM.Collect$$$$00000004)
    _main_clock                              0x00000275   Thumb Code     0  entry7b.o(.ARM.Collect$$$$00000008)
    _main_cpp_init                           0x00000275   Thumb Code     0  entry8b.o(.ARM.Collect$$$$0000000A)
    _main_init                               0x00000275   Thumb Code     0  entry9a.o(.ARM.Collect$$$$0000000B)
    __rt_final_cpp                           0x0000027d   Thumb Code     0  entry10a.o(.ARM.Collect$$$$0000000D)
    __rt_final_exit                          0x0000027d   Thumb Code     0  entry11a.o(.ARM.Collect$$$$0000000F)
    DisableInterrupts                        0x00000281   Thumb Code     4  main.o(.text)
    EnableInterrupts                         0x00000285   Thumb Code     4  main.o(.text)
    initializeBoard                          0x00000289   Thumb Code    36  main.o(.text)
    main                                     0x000002ad   Thumb Code     4  main.o(.text)
    TIMER4A_Handler                          0x000002b5   Thumb Code    64  project_interrupts.o(.text)
    TIMER5A_Handler                          0x000002f5   Thumb Code    42  project_interrupts.o(.text)
    ADC0SS1_Handler                          0x0000031f   Thumb Code    44  project_interrupts.o(.text)
    gpio_get_irq_num                         0x000003b9   Thumb Code    74  gpio_port.o(.text)
    gpio_enable_port                         0x00000403   Thumb Code   166  gpio_port.o(.text)
    gpio_config_digital_enable               0x000004a9   Thumb Code    34  gpio_port.o(.text)
    gpio_config_enable_output                0x000004cb   Thumb Code    34  gpio_port.o(.text)
    gpio_config_enable_input                 0x000004ed   Thumb Code    34  gpio_port.o(.text)
    gpio_config_enable_pullup                0x0000050f   Thumb Code    34  gpio_port.o(.text)
    gpio_config_enable_pulldown              0x00000531   Thumb Code    34  gpio_port.o(.text)
    gpio_config_analog_enable                0x00000553   Thumb Code    34  gpio_port.o(.text)
    gpio_config_alternate_function           0x00000575   Thumb Code    34  gpio_port.o(.text)
    gpio_config_port_control                 0x00000597   Thumb Code    50  gpio_port.o(.text)
    gpio_config_open_drain                   0x000005c9   Thumb Code    44  gpio_port.o(.text)
    gpio_config_falling_edge_irq             0x000005f5   Thumb Code     6  gpio_port.o(.text)
    initializeI2CMaster                      0x0000061d   Thumb Code   160  i2c.o(.text)
    i2cVerifyBaseAddr                        0x000006bd   Thumb Code    36  i2c.o(.text)
    i2cSetSlaveAddr                          0x000006e1   Thumb Code    30  i2c.o(.text)
    i2cStop                                  0x000006ff   Thumb Code    26  i2c.o(.text)
    I2CMasterBusy                            0x00000719   Thumb Code    34  i2c.o(.text)
    I2CMasterAdrAck                          0x0000073b   Thumb Code    34  i2c.o(.text)
    I2CMasterDatAck                          0x0000075d   Thumb Code    34  i2c.o(.text)
    i2cSendByte                              0x0000077f   Thumb Code    82  i2c.o(.text)
    i2cGetByte                               0x000007d1   Thumb Code    60  i2c.o(.text)
    pc_buffer_init                           0x00000825   Thumb Code    26  pc_buffer.o(.text)
    pc_buffer_add                            0x0000083f   Thumb Code    28  pc_buffer.o(.text)
    pc_buffer_remove                         0x0000085b   Thumb Code    30  pc_buffer.o(.text)
    pc_buffer_empty                          0x00000879   Thumb Code    18  pc_buffer.o(.text)
    pc_buffer_full                           0x0000088b   Thumb Code    22  pc_buffer.o(.text)
    gp_timer_wait                            0x0000094b   Thumb Code    64  timers.o(.text)
    gp_timer_config_32                       0x0000098b   Thumb Code   118  timers.o(.text)
    verify_uart_base                         0x00000a11   Thumb Code    54  uart.o(.text)
    uart_get_rcgc_mask                       0x00000a47   Thumb Code    68  uart.o(.text)
    uart_get_pr_mask                         0x00000a8b   Thumb Code    68  uart.o(.text)
    uart_get_irq_num                         0x00000acf   Thumb Code    68  uart.o(.text)
    uart_tx_poll                             0x00000b13   Thumb Code    38  uart.o(.text)
    uart_tx_poll_string                      0x00000b39   Thumb Code    50  uart.o(.text)
    uart_rx_poll                             0x00000b6b   Thumb Code    70  uart.o(.text)
    uart_init                                0x00000bb1   Thumb Code   228  uart.o(.text)
    ft6x06_read_td_status                    0x00000d0f   Thumb Code    44  ft6x06.o(.text)
    ft6x06_read_x                            0x00000d3b   Thumb Code    58  ft6x06.o(.text)
    ft6x06_read_y                            0x00000d75   Thumb Code    60  ft6x06.o(.text)
    ft6x06_init                              0x00000db1   Thumb Code   156  ft6x06.o(.text)
    init_serial_debug                        0x00000e51   Thumb Code   102  serial_debug.o(.text)
    serial_debug_rx                          0x00000eb7   Thumb Code    46  serial_debug.o(.text)
    serial_debug_tx                          0x00000ee5   Thumb Code    88  serial_debug.o(.text)
    fputc                                    0x00000f3d   Thumb Code    66  serial_debug.o(.text)
    fgetc                                    0x00000f7f   Thumb Code    50  serial_debug.o(.text)
    UART0_Handler                            0x00000fb1   Thumb Code   144  serial_debug.o(.text)
    Reset_Handler                            0x00001059   Thumb Code     8  startup_tm4c123.o(.text)
    NMI_Handler                              0x00001061   Thumb Code     2  startup_tm4c123.o(.text)
    HardFault_Handler                        0x00001063   Thumb Code     2  startup_tm4c123.o(.text)
    MemManage_Handler                        0x00001065   Thumb Code     2  startup_tm4c123.o(.text)
    BusFault_Handler                         0x00001067   Thumb Code     2  startup_tm4c123.o(.text)
    UsageFault_Handler                       0x00001069   Thumb Code     2  startup_tm4c123.o(.text)
    SVC_Handler                              0x0000106b   Thumb Code     2  startup_tm4c123.o(.text)
    DebugMon_Handler                         0x0000106d   Thumb Code     2  startup_tm4c123.o(.text)
    PendSV_Handler                           0x0000106f   Thumb Code     2  startup_tm4c123.o(.text)
    SysTick_Handler                          0x00001071   Thumb Code     2  startup_tm4c123.o(.text)
    GPIOA_Handler                            0x00001073   Thumb Code     2  startup_tm4c123.o(.text)
    GPIOB_Handler                            0x00001075   Thumb Code     2  startup_tm4c123.o(.text)
    GPIOC_Handler                            0x00001077   Thumb Code     2  startup_tm4c123.o(.text)
    GPIOD_Handler                            0x00001079   Thumb Code     2  startup_tm4c123.o(.text)
    GPIOE_Handler                            0x0000107b   Thumb Code     2  startup_tm4c123.o(.text)
    UART1_Handler                            0x0000107f   Thumb Code     2  startup_tm4c123.o(.text)
    SSI0_Handler                             0x00001081   Thumb Code     2  startup_tm4c123.o(.text)
    I2C0_Handler                             0x00001083   Thumb Code     2  startup_tm4c123.o(.text)
    PMW0_FAULT_Handler                       0x00001085   Thumb Code     2  startup_tm4c123.o(.text)
    PWM0_0_Handler                           0x00001087   Thumb Code     2  startup_tm4c123.o(.text)
    PWM0_1_Handler                           0x00001089   Thumb Code     2  startup_tm4c123.o(.text)
    PWM0_2_Handler                           0x0000108b   Thumb Code     2  startup_tm4c123.o(.text)
    QEI0_Handler                             0x0000108d   Thumb Code     2  startup_tm4c123.o(.text)
    ADC0SS0_Handler                          0x0000108f   Thumb Code     2  startup_tm4c123.o(.text)
    ADC0SS2_Handler                          0x00001093   Thumb Code     2  startup_tm4c123.o(.text)
    ADC0SS3_Handler                          0x00001095   Thumb Code     2  startup_tm4c123.o(.text)
    WDT0_Handler                             0x00001097   Thumb Code     2  startup_tm4c123.o(.text)
    TIMER0A_Handler                          0x00001099   Thumb Code     2  startup_tm4c123.o(.text)
    TIMER0B_Handler                          0x0000109b   Thumb Code     2  startup_tm4c123.o(.text)
    TIMER1A_Handler                          0x0000109d   Thumb Code     2  startup_tm4c123.o(.text)
    TIMER1B_Handler                          0x0000109f   Thumb Code     2  startup_tm4c123.o(.text)
    TIMER2A_Handler                          0x000010a1   Thumb Code     2  startup_tm4c123.o(.text)
    TIMER2B_Handler                          0x000010a3   Thumb Code     2  startup_tm4c123.o(.text)
    COMP0_Handler                            0x000010a5   Thumb Code     2  startup_tm4c123.o(.text)
    COMP1_Handler                            0x000010a7   Thumb Code     2  startup_tm4c123.o(.text)
    COMP2_Handler                            0x000010a9   Thumb Code     2  startup_tm4c123.o(.text)
    SYSCTL_Handler                           0x000010ab   Thumb Code     2  startup_tm4c123.o(.text)
    FLASH_Handler                            0x000010ad   Thumb Code     2  startup_tm4c123.o(.text)
    GPIOF_Handler                            0x000010af   Thumb Code     2  startup_tm4c123.o(.text)
    GPIOG_Handler                            0x000010b1   Thumb Code     2  startup_tm4c123.o(.text)
    GPIOH_Handler                            0x000010b3   Thumb Code     2  startup_tm4c123.o(.text)
    UART2_Handler                            0x000010b5   Thumb Code     2  startup_tm4c123.o(.text)
    SSI1_Handler                             0x000010b7   Thumb Code     2  startup_tm4c123.o(.text)
    TIMER3A_Handler                          0x000010b9   Thumb Code     2  startup_tm4c123.o(.text)
    TIMER3B_Handler                          0x000010bb   Thumb Code     2  startup_tm4c123.o(.text)
    I2C1_Handler                             0x000010bd   Thumb Code     2  startup_tm4c123.o(.text)
    QEI1_Handler                             0x000010bf   Thumb Code     2  startup_tm4c123.o(.text)
    CAN0_Handler                             0x000010c1   Thumb Code     2  startup_tm4c123.o(.text)
    CAN1_Handler                             0x000010c3   Thumb Code     2  startup_tm4c123.o(.text)
    CAN2_Handler                             0x000010c5   Thumb Code     2  startup_tm4c123.o(.text)
    HIB_Handler                              0x000010c7   Thumb Code     2  startup_tm4c123.o(.text)
    USB0_Handler                             0x000010c9   Thumb Code     2  startup_tm4c123.o(.text)
    PWM0_3_Handler                           0x000010cb   Thumb Code     2  startup_tm4c123.o(.text)
    UDMA_Handler                             0x000010cd   Thumb Code     2  startup_tm4c123.o(.text)
    UDMAERR_Handler                          0x000010cf   Thumb Code     2  startup_tm4c123.o(.text)
    ADC1SS0_Handler                          0x000010d1   Thumb Code     2  startup_tm4c123.o(.text)
    ADC1SS1_Handler                          0x000010d3   Thumb Code     2  startup_tm4c123.o(.text)
    ADC1SS2_Handler                          0x000010d5   Thumb Code     2  startup_tm4c123.o(.text)
    ADC1SS3_Handler                          0x000010d7   Thumb Code     2  startup_tm4c123.o(.text)
    GPIOJ_Handler                            0x000010d9   Thumb Code     2  startup_tm4c123.o(.text)
    GPIOK_Handler                            0x000010db   Thumb Code     2  startup_tm4c123.o(.text)
    GPIOL_Handler                            0x000010dd   Thumb Code     2  startup_tm4c123.o(.text)
    SSI2_Handler                             0x000010df   Thumb Code     2  startup_tm4c123.o(.text)
    SSI3_Handler                             0x000010e1   Thumb Code     2  startup_tm4c123.o(.text)
    UART3_Handler                            0x000010e3   Thumb Code     2  startup_tm4c123.o(.text)
    UART4_Handler                            0x000010e5   Thumb Code     2  startup_tm4c123.o(.text)
    UART5_Handler                            0x000010e7   Thumb Code     2  startup_tm4c123.o(.text)
    UART6_Handler                            0x000010e9   Thumb Code     2  startup_tm4c123.o(.text)
    UART7_Handler                            0x000010eb   Thumb Code     2  startup_tm4c123.o(.text)
    I2C2_Handler                             0x000010ed   Thumb Code     2  startup_tm4c123.o(.text)
    I2C3_Handler                             0x000010ef   Thumb Code     2  startup_tm4c123.o(.text)
    TIMER4B_Handler                          0x000010f3   Thumb Code     2  startup_tm4c123.o(.text)
    TIMER5B_Handler                          0x000010f7   Thumb Code     2  startup_tm4c123.o(.text)
    WTIMER0A_Handler                         0x000010f9   Thumb Code     2  startup_tm4c123.o(.text)
    WTIMER0B_Handler                         0x000010fb   Thumb Code     2  startup_tm4c123.o(.text)
    WTIMER1A_Handler                         0x000010fd   Thumb Code     2  startup_tm4c123.o(.text)
    WTIMER1B_Handler                         0x000010ff   Thumb Code     2  startup_tm4c123.o(.text)
    WTIMER2A_Handler                         0x00001101   Thumb Code     2  startup_tm4c123.o(.text)
    WTIMER2B_Handler                         0x00001103   Thumb Code     2  startup_tm4c123.o(.text)
    WTIMER3A_Handler                         0x00001105   Thumb Code     2  startup_tm4c123.o(.text)
    WTIMER3B_Handler                         0x00001107   Thumb Code     2  startup_tm4c123.o(.text)
    WTIMER4A_Handler                         0x00001109   Thumb Code     2  startup_tm4c123.o(.text)
    WTIMER4B_Handler                         0x0000110b   Thumb Code     2  startup_tm4c123.o(.text)
    WTIMER5A_Handler                         0x0000110d   Thumb Code     2  startup_tm4c123.o(.text)
    WTIMER5B_Handler                         0x0000110f   Thumb Code     2  startup_tm4c123.o(.text)
    FPU_Handler                              0x00001111   Thumb Code     2  startup_tm4c123.o(.text)
    I2C4_Handler                             0x00001113   Thumb Code     2  startup_tm4c123.o(.text)
    I2C5_Handler                             0x00001115   Thumb Code     2  startup_tm4c123.o(.text)
    GPIOM_Handler                            0x00001117   Thumb Code     2  startup_tm4c123.o(.text)
    GPION_Handler                            0x00001119   Thumb Code     2  startup_tm4c123.o(.text)
    QEI2_Handler                             0x0000111b   Thumb Code     2  startup_tm4c123.o(.text)
    GPIOP0_Handler                           0x0000111d   Thumb Code     2  startup_tm4c123.o(.text)
    GPIOP1_Handler                           0x0000111f   Thumb Code     2  startup_tm4c123.o(.text)
    GPIOP2_Handler                           0x00001121   Thumb Code     2  startup_tm4c123.o(.text)
    GPIOP3_Handler                           0x00001123   Thumb Code     2  startup_tm4c123.o(.text)
    GPIOP4_Handler                           0x00001125   Thumb Code     2  startup_tm4c123.o(.text)
    GPIOP5_Handler                           0x00001127   Thumb Code     2  startup_tm4c123.o(.text)
    GPIOP6_Handler                           0x00001129   Thumb Code     2  startup_tm4c123.o(.text)
    GPIOP7_Handler                           0x0000112b   Thumb Code     2  startup_tm4c123.o(.text)
    GPIOQ0_Handler                           0x0000112d   Thumb Code     2  startup_tm4c123.o(.text)
    GPIOQ1_Handler                           0x0000112f   Thumb Code     2  startup_tm4c123.o(.text)
    GPIOQ2_Handler                           0x00001131   Thumb Code     2  startup_tm4c123.o(.text)
    GPIOQ3_Handler                           0x00001133   Thumb Code     2  startup_tm4c123.o(.text)
    GPIOQ4_Handler                           0x00001135   Thumb Code     2  startup_tm4c123.o(.text)
    GPIOQ5_Handler                           0x00001137   Thumb Code     2  startup_tm4c123.o(.text)
    GPIOQ6_Handler                           0x00001139   Thumb Code     2  startup_tm4c123.o(.text)
    GPIOQ7_Handler                           0x0000113b   Thumb Code     2  startup_tm4c123.o(.text)
    GPIOR_Handler                            0x0000113d   Thumb Code     2  startup_tm4c123.o(.text)
    GPIOS_Handler                            0x0000113f   Thumb Code     2  startup_tm4c123.o(.text)
    PMW1_0_Handler                           0x00001141   Thumb Code     2  startup_tm4c123.o(.text)
    PWM1_1_Handler                           0x00001143   Thumb Code     2  startup_tm4c123.o(.text)
    PWM1_2_Handler                           0x00001145   Thumb Code     2  startup_tm4c123.o(.text)
    PWM1_3_Handler                           0x00001147   Thumb Code     2  startup_tm4c123.o(.text)
    PWM1_FAULT_Handler                       0x00001149   Thumb Code     2  startup_tm4c123.o(.text)
    SystemCoreClockUpdate                    0x0000120b   Thumb Code   184  system_tm4c123.o(.text)
    SystemInit                               0x000012c3   Thumb Code   112  system_tm4c123.o(.text)
    __scatterload                            0x000013a5   Thumb Code    28  init.o(.text)
    __scatterload_rt2                        0x000013a5   Thumb Code     0  init.o(.text)
    __scatterload_copy                       0x000013c9   Thumb Code    14  handlers.o(i.__scatterload_copy)
    __scatterload_null                       0x000013d7   Thumb Code     2  handlers.o(i.__scatterload_null)
    __scatterload_zeroinit                   0x000013d9   Thumb Code    14  handlers.o(i.__scatterload_zeroinit)
    malloc                                   0x000013e9   Thumb Code    92  malloc.o(i.malloc)
    Region$$Table$$Base                      0x00001454   Number         0  anon$$obj.o(Region$$Table)
    Region$$Table$$Limit                     0x00001474   Number         0  anon$$obj.o(Region$$Table)
    buttonPressed                            0x20000000   Data           1  project_interrupts.o(.data)
    AlertADC                                 0x20000001   Data           1  project_interrupts.o(.data)
    wait                                     0x20000004   Data           4  project_interrupts.o(.data)
    avg_ps2x                                 0x20000008   Data           2  project_interrupts.o(.data)
    avg_ps2y                                 0x2000000a   Data           2  project_interrupts.o(.data)
    ADC_avg_ready                            0x2000000c   Data           1  project_interrupts.o(.data)
    SystemCoreClock                          0x20000010   Data           4  system_tm4c123.o(.data)
    __stdout                                 0x20000014   Data           4  stdout.o(.data)
    __microlib_freelist                      0x20000018   Data           4  mvars.o(.data)
    __microlib_freelist_initialised          0x2000001c   Data           4  mvars.o(.data)
    UART0_Tx_Buffer                          0x20000020   Data          14  serial_debug.o(.bss)
    UART0_Rx_Buffer                          0x2000002e   Data          14  serial_debug.o(.bss)
    __heap_base                              0x20000040   Data           0  startup_tm4c123.o(HEAP)
    __heap_limit                             0x20000040   Data           0  startup_tm4c123.o(HEAP)
    __initial_sp                             0x20001040   Data           0  startup_tm4c123.o(STACK)



==============================================================================

Memory Map of the image

  Image Entry point : 0x00001059

  Load Region LR_1 (Base: 0x00000000, Size: 0x00001494, Max: 0xffffffff, ABSOLUTE)

    Execution Region ER_RO (Exec base: 0x00000000, Load base: 0x00000000, Size: 0x00001474, Max: 0xffffffff, ABSOLUTE)

    Exec Addr    Load Addr    Size         Type   Attr      Idx    E Section Name        Object

    0x00000000   0x00000000   0x0000026c   Data   RO          570    RESET               startup_tm4c123.o
    0x0000026c   0x0000026c   0x00000000   Code   RO          605  * .ARM.Collect$$$$00000000  mc_w.l(entry.o)
    0x0000026c   0x0000026c   0x00000004   Code   RO          637    .ARM.Collect$$$$00000001  mc_w.l(entry2.o)
    0x00000270   0x00000270   0x00000004   Code   RO          640    .ARM.Collect$$$$00000004  mc_w.l(entry5.o)
    0x00000274   0x00000274   0x00000000   Code   RO          642    .ARM.Collect$$$$00000008  mc_w.l(entry7b.o)
    0x00000274   0x00000274   0x00000000   Code   RO          644    .ARM.Collect$$$$0000000A  mc_w.l(entry8b.o)
    0x00000274   0x00000274   0x00000008   Code   RO          645    .ARM.Collect$$$$0000000B  mc_w.l(entry9a.o)
    0x0000027c   0x0000027c   0x00000000   Code   RO          647    .ARM.Collect$$$$0000000D  mc_w.l(entry10a.o)
    0x0000027c   0x0000027c   0x00000000   Code   RO          649    .ARM.Collect$$$$0000000F  mc_w.l(entry11a.o)
    0x0000027c   0x0000027c   0x00000004   Code   RO          638    .ARM.Collect$$$$00002712  mc_w.l(entry2.o)
    0x00000280   0x00000280   0x00000034   Code   RO            4    .text               main.o
    0x000002b4   0x000002b4   0x000000c4   Code   RO          151    .text               project_interrupts.o
    0x00000378   0x00000378   0x000002a4   Code   RO          206    .text               gpio_port.o
    0x0000061c   0x0000061c   0x00000208   Code   RO          230    .text               i2c.o
    0x00000824   0x00000824   0x0000007c   Code   RO          251    .text               pc_buffer.o
    0x000008a0   0x000008a0   0x00000170   Code   RO          296    .text               timers.o
    0x00000a10   0x00000a10   0x00000298   Code   RO          320    .text               uart.o
    0x00000ca8   0x00000ca8   0x000001a8   Code   RO          405    .text               ft6x06.o
    0x00000e50   0x00000e50   0x00000208   Code   RO          507    .text               serial_debug.o
    0x00001058   0x00001058   0x000000fc   Code   RO          571  * .text               startup_tm4c123.o
    0x00001154   0x00001154   0x00000250   Code   RO          578    .text               system_tm4c123.o
    0x000013a4   0x000013a4   0x00000024   Code   RO          657    .text               mc_w.l(init.o)
    0x000013c8   0x000013c8   0x0000000e   Code   RO          661    i.__scatterload_copy  mc_w.l(handlers.o)
    0x000013d6   0x000013d6   0x00000002   Code   RO          662    i.__scatterload_null  mc_w.l(handlers.o)
    0x000013d8   0x000013d8   0x0000000e   Code   RO          663    i.__scatterload_zeroinit  mc_w.l(handlers.o)
    0x000013e6   0x000013e6   0x00000002   PAD
    0x000013e8   0x000013e8   0x0000006c   Code   RO          610    i.malloc            mc_w.l(malloc.o)
    0x00001454   0x00001454   0x00000020   Data   RO          659    Region$$Table       anon$$obj.o


    Execution Region ER_RW (Exec base: 0x20000000, Load base: 0x00001474, Size: 0x00000020, Max: 0xffffffff, ABSOLUTE)

    Exec Addr    Load Addr    Size         Type   Attr      Idx    E Section Name        Object

    0x20000000   0x00001474   0x0000000e   Data   RW          152    .data               project_interrupts.o
    0x2000000e   0x00001482   0x00000002   Data   RW          509    .data               serial_debug.o
    0x20000010   0x00001484   0x00000004   Data   RW          579    .data               system_tm4c123.o
    0x20000014   0x00001488   0x00000004   Data   RW          608    .data               mc_w.l(stdout.o)
    0x20000018   0x0000148c   0x00000004   Data   RW          655    .data               mc_w.l(mvars.o)
    0x2000001c   0x00001490   0x00000004   Data   RW          656    .data               mc_w.l(mvars.o)


    Execution Region ER_ZI (Exec base: 0x20000020, Load base: 0x00001494, Size: 0x00001020, Max: 0xffffffff, ABSOLUTE)

    Exec Addr    Load Addr    Size         Type   Attr      Idx    E Section Name        Object

    0x20000020        -       0x0000001c   Zero   RW          508    .bss                serial_debug.o
    0x2000003c   0x00001494   0x00000004   PAD
    0x20000040        -       0x00000000   Zero   RW          569    HEAP                startup_tm4c123.o
    0x20000040        -       0x00001000   Zero   RW          568    STACK               startup_tm4c123.o


==============================================================================

Image component sizes


      Code (inc. data)   RO Data    RW Data    ZI Data      Debug   Object Name

       424          4          0          0          0       2200   ft6x06.o
       676         34          0          0          0       5126   gpio_port.o
       520         24          0          0          0       3629   i2c.o
        52          4          0          0          0      28986   main.o
       124          0          0          0          0       1891   pc_buffer.o
       196         46          0         14          0       1432   project_interrupts.o
       520         24          0          2         28       5769   serial_debug.o
       252         10        620          0       4096       5420   startup_tm4c123.o
       592        138          0          4          0       1509   system_tm4c123.o
       368         16          0          0          0       2055   timers.o
       664         52          0          0          0      33187   uart.o

    ----------------------------------------------------------------------
      4388        352        652         20       4128      91204   Object Totals
         0          0         32          0          0          0   (incl. Generated)
         0          0          0          0          4          0   (incl. Padding)

    ----------------------------------------------------------------------

      Code (inc. data)   RO Data    RW Data    ZI Data      Debug   Library Member Name

         0          0          0          0          0          0   entry.o
         0          0          0          0          0          0   entry10a.o
         0          0          0          0          0          0   entry11a.o
         8          4          0          0          0          0   entry2.o
         4          0          0          0          0          0   entry5.o
         0          0          0          0          0          0   entry7b.o
         0          0          0          0          0          0   entry8b.o
         8          4          0          0          0          0   entry9a.o
        30          0          0          0          0          0   handlers.o
        36          8          0          0          0         68   init.o
       108         16          0          0          0         84   malloc.o
         0          0          0          8          0          0   mvars.o
         0          0          0          4          0          0   stdout.o

    ----------------------------------------------------------------------
       196         32          0         12          0        152   Library Totals
         2          0          0          0          0          0   (incl. Padding)

    ----------------------------------------------------------------------

      Code (inc. data)   RO Data    RW Data    ZI Data      Debug   Library Name

       194         32          0         12          0        152   mc_w.l

    ----------------------------------------------------------------------
       196         32          0         12          0        152   Library Totals

    ----------------------------------------------------------------------

==============================================================================


      Code (inc. data)   RO Data    RW Data    ZI Data      Debug   

      4584        384        652         32       4128      90260   Grand Totals
      4584        384        652         32       4128      90260   ELF Image Totals
      4584        384        652         32          0          0   ROM Totals

==============================================================================

    Total RO  Size (Code + RO Data)                 5236 (   5.11kB)
    Total RW  Size (RW Data + ZI Data)              4160 (   4.06kB)
    Total ROM Size (Code + RO Data + RW Data)       5268 (   5.14kB)

==============================================================================

