Component: ARM Compiler 5.06 update 6 (build 750) Tool: armlink [4d35ed]

==============================================================================

Section Cross References

    main.o(.text) refers to timers.o(.text) for gp_timer_config_32
    main.o(.text) refers to serial_debug.o(.text) for init_serial_debug
    main.o(.text) refers to ft6x06.o(.text) for ft6x06_init
    main.o(.text) refers to tetris_game_logic.o(.text) for project_main
    project_hardware_init.o(.text) refers to io_expander.o(.text) for io_expander_init
    project_hardware_init.o(.text) refers to accel.o(.text) for accel_initialize
    project_hardware_init.o(.text) refers to eeprom.o(.text) for eeprom_init
    project_hardware_init.o(.text) refers to ft6x06.o(.text) for ft6x06_init
    project_hardware_init.o(.text) refers to lcd.o(.text) for lcd_config_screen
    project_interrupts.o(.text) refers to io_expander.o(.text) for io_expander_read_button_poll
    project_interrupts.o(.text) refers to project_interrupts.o(.data) for timer4_count
    project_interrupts.o(.text) refers to tetris_game_logic.o(.data) for linesCleared
    tetris_game_logic.o(.text) refers to tetris_game_logic.o(.bss) for board
    tetris_game_logic.o(.text) refers to lcd.o(.text) for lcd_draw_image
    tetris_game_logic.o(.text) refers to images.o(.constdata) for square_bitmaps
    tetris_game_logic.o(.text) refers to project_interrupts.o(.data) for wait
    tetris_game_logic.o(.text) refers to tetris_game_logic.o(.data) for blocktype
    tetris_game_logic.o(.text) refers to io_expander.o(.text) for toggle_LEDs
    tetris_game_logic.o(.text) refers to project_hardware_init.o(.text) for initialize_hardware
    tetris_game_logic.o(.text) refers to ft6x06.o(.text) for ft6x06_read_td_status
    tetris_game_logic.o(.text) refers to accel.o(.text) for accel_read_x
    tetris_game_logic.o(.text) refers to main.o(.text) for DisableInterrupts
    tetris_game_logic.o(.text) refers to eeprom.o(.text) for eeprom_byte_read
    tetris_game_logic.o(.data) refers to images.o(.constdata) for zero_bitmaps
    pc_buffer.o(.text) refers to malloc.o(i.malloc) for malloc
    accel.o(.text) refers to spi.o(.text) for spiTx
    accel.o(.text) refers to spi_select.o(.text) for spi_select_init
    accel.o(.text) refers to gpio_port.o(.text) for gpio_enable_port
    eeprom.o(.text) refers to i2c.o(.text) for i2cVerifyBaseAddr
    eeprom.o(.text) refers to gpio_port.o(.text) for gpio_enable_port
    ft6x06.o(.text) refers to i2c.o(.text) for I2CMasterBusy
    ft6x06.o(.text) refers to gpio_port.o(.text) for gpio_enable_port
    lcd.o(.text) refers to lcd.o(i.lcd_write_data_u16) for lcd_write_data_u16
    lcd.o(.text) refers to gpio_port.o(.text) for gpio_enable_port
    ps2.o(.text) refers to gpio_port.o(.text) for gpio_enable_port
    ps2.o(.text) refers to adc.o(.text) for initialize_adc
    serial_debug.o(.text) refers to gpio_port.o(.text) for gpio_enable_port
    serial_debug.o(.text) refers to pc_buffer.o(.text) for pc_buffer_init
    serial_debug.o(.text) refers to uart.o(.text) for uart_init
    serial_debug.o(.text) refers to main.o(.text) for DisableInterrupts
    serial_debug.o(.text) refers to serial_debug.o(.data) for Rx_Interrupts_Enabled
    serial_debug.o(.text) refers to serial_debug.o(.bss) for UART0_Tx_Buffer
    serial_debug.o(.text) refers to stdout.o(.data) for __stdout
    spi_select.o(.text) refers to gpio_port.o(.text) for gpio_enable_port
    io_expander.o(.text) refers to i2c.o(.text) for i2cVerifyBaseAddr
    io_expander.o(.text) refers to gpio_port.o(.text) for gpio_enable_port
    io_expander.o(.text) refers to io_expander.o(.data) for LED_ON
    startup_tm4c123.o(RESET) refers to startup_tm4c123.o(STACK) for __initial_sp
    startup_tm4c123.o(RESET) refers to startup_tm4c123.o(.text) for Reset_Handler
    startup_tm4c123.o(RESET) refers to serial_debug.o(.text) for UART0_Handler
    startup_tm4c123.o(RESET) refers to project_interrupts.o(.text) for ADC0SS1_Handler
    startup_tm4c123.o(.text) refers to system_tm4c123.o(.text) for SystemInit
    startup_tm4c123.o(.text) refers to entry.o(.ARM.Collect$$$$00000000) for __main
    system_tm4c123.o(.text) refers to system_tm4c123.o(.data) for SystemCoreClock
    entry.o(.ARM.Collect$$$$00000000) refers (Special) to entry10a.o(.ARM.Collect$$$$0000000D) for __rt_final_cpp
    entry.o(.ARM.Collect$$$$00000000) refers (Special) to entry11a.o(.ARM.Collect$$$$0000000F) for __rt_final_exit
    entry.o(.ARM.Collect$$$$00000000) refers (Special) to entry7b.o(.ARM.Collect$$$$00000008) for _main_clock
    entry.o(.ARM.Collect$$$$00000000) refers (Special) to entry8b.o(.ARM.Collect$$$$0000000A) for _main_cpp_init
    entry.o(.ARM.Collect$$$$00000000) refers (Special) to entry9a.o(.ARM.Collect$$$$0000000B) for _main_init
    entry.o(.ARM.Collect$$$$00000000) refers (Special) to entry5.o(.ARM.Collect$$$$00000004) for _main_scatterload
    entry.o(.ARM.Collect$$$$00000000) refers (Special) to entry2.o(.ARM.Collect$$$$00000001) for _main_stk
    malloc.o(i.free) refers to mvars.o(.data) for __microlib_freelist
    malloc.o(i.malloc) refers to mvars.o(.data) for __microlib_freelist_initialised
    malloc.o(i.malloc) refers to mvars.o(.data) for __microlib_freelist
    malloc.o(i.malloc) refers to startup_tm4c123.o(HEAP) for __heap_base
    mallocr.o(i.__free$realloc) refers to mvars.o(.data) for __microlib_freelist
    mallocr.o(i.__malloc$realloc) refers to mallocr.o(i.internal_alloc) for internal_alloc
    mallocr.o(i.__malloc$realloc) refers to mvars.o(.data) for __microlib_freelist_initialised
    mallocr.o(i.__malloc$realloc) refers to startup_tm4c123.o(HEAP) for __heap_base
    mallocr.o(i.__malloc$realloc) refers to mvars.o(.data) for __microlib_freelist
    mallocr.o(i.internal_alloc) refers to memcpya.o(.text) for __aeabi_memcpy
    mallocr.o(i.internal_alloc) refers to mvars.o(.data) for __microlib_freelist
    mallocr.o(i.realloc) refers to mallocr.o(i.__free$realloc) for __free$realloc
    mallocr.o(i.realloc) refers to mallocr.o(i.internal_alloc) for internal_alloc
    mallocr.o(i.realloc) refers to mallocr.o(i.__malloc$realloc) for __malloc$realloc
    mallocr.o(i.realloc) refers to mvars.o(.data) for __microlib_freelist
    malloca.o(i.__aligned_malloc) refers to mvars.o(.data) for __microlib_freelist_initialised
    malloca.o(i.__aligned_malloc) refers to mvars.o(.data) for __microlib_freelist
    malloca.o(i.__aligned_malloc) refers to startup_tm4c123.o(HEAP) for __heap_base
    malloca.o(i.__free$memalign) refers to mvars.o(.data) for __microlib_freelist
    malloca.o(i.__malloc$memalign) refers to malloca.o(i.__aligned_malloc) for __aligned_malloc
    mallocra.o(i.__aligned_malloc$realloc) refers to mallocra.o(i.internal_alloc) for internal_alloc
    mallocra.o(i.__aligned_malloc$realloc) refers to mvars.o(.data) for __microlib_freelist_initialised
    mallocra.o(i.__aligned_malloc$realloc) refers to startup_tm4c123.o(HEAP) for __heap_base
    mallocra.o(i.__aligned_malloc$realloc) refers to mvars.o(.data) for __microlib_freelist
    mallocra.o(i.__free$realloc$memalign) refers to mvars.o(.data) for __microlib_freelist
    mallocra.o(i.__malloc$realloc$memalign) refers to mallocra.o(i.__aligned_malloc$realloc) for __aligned_malloc$realloc
    mallocra.o(i.__realloc$memalign) refers to mallocra.o(i.__free$realloc$memalign) for __free$realloc$memalign
    mallocra.o(i.__realloc$memalign) refers to mallocra.o(i.internal_alloc) for internal_alloc
    mallocra.o(i.__realloc$memalign) refers to mallocra.o(i.__malloc$realloc$memalign) for __malloc$realloc$memalign
    mallocra.o(i.__realloc$memalign) refers to mvars.o(.data) for __microlib_freelist
    mallocra.o(i.internal_alloc) refers to memcpya.o(.text) for __aeabi_memcpy
    mallocra.o(i.internal_alloc) refers to mvars.o(.data) for __microlib_freelist
    entry2.o(.ARM.Collect$$$$00000001) refers to entry2.o(.ARM.Collect$$$$00002712) for __lit__00000000
    entry2.o(.ARM.Collect$$$$00002712) refers to startup_tm4c123.o(STACK) for __initial_sp
    entry2.o(__vectab_stack_and_reset_area) refers to startup_tm4c123.o(STACK) for __initial_sp
    entry2.o(__vectab_stack_and_reset_area) refers to entry.o(.ARM.Collect$$$$00000000) for __main
    entry5.o(.ARM.Collect$$$$00000004) refers to init.o(.text) for __scatterload
    entry9a.o(.ARM.Collect$$$$0000000B) refers to main.o(.text) for main
    entry9b.o(.ARM.Collect$$$$0000000C) refers to main.o(.text) for main
    init.o(.text) refers to entry5.o(.ARM.Collect$$$$00000004) for __main_after_scatterload


==============================================================================

Removing Unused input sections from the image.

    Removing main.o(.rev16_text), (4 bytes).
    Removing main.o(.revsh_text), (4 bytes).
    Removing main.o(.rrx_text), (6 bytes).
    Removing project_hardware_init.o(.rev16_text), (4 bytes).
    Removing project_hardware_init.o(.revsh_text), (4 bytes).
    Removing project_hardware_init.o(.rrx_text), (6 bytes).
    Removing project_interrupts.o(.rev16_text), (4 bytes).
    Removing project_interrupts.o(.revsh_text), (4 bytes).
    Removing project_interrupts.o(.rrx_text), (6 bytes).
    Removing tetris_game_logic.o(.rev16_text), (4 bytes).
    Removing tetris_game_logic.o(.revsh_text), (4 bytes).
    Removing tetris_game_logic.o(.rrx_text), (6 bytes).
    Removing adc.o(.rev16_text), (4 bytes).
    Removing adc.o(.revsh_text), (4 bytes).
    Removing adc.o(.rrx_text), (6 bytes).
    Removing adc.o(.text), (172 bytes).
    Removing gpio_port.o(.rev16_text), (4 bytes).
    Removing gpio_port.o(.revsh_text), (4 bytes).
    Removing gpio_port.o(.rrx_text), (6 bytes).
    Removing i2c.o(.rev16_text), (4 bytes).
    Removing i2c.o(.revsh_text), (4 bytes).
    Removing i2c.o(.rrx_text), (6 bytes).
    Removing spi.o(.rev16_text), (4 bytes).
    Removing spi.o(.revsh_text), (4 bytes).
    Removing spi.o(.rrx_text), (6 bytes).
    Removing timers.o(.rev16_text), (4 bytes).
    Removing timers.o(.revsh_text), (4 bytes).
    Removing timers.o(.rrx_text), (6 bytes).
    Removing uart.o(.rev16_text), (4 bytes).
    Removing uart.o(.revsh_text), (4 bytes).
    Removing uart.o(.rrx_text), (6 bytes).
    Removing accel.o(.rev16_text), (4 bytes).
    Removing accel.o(.revsh_text), (4 bytes).
    Removing accel.o(.rrx_text), (6 bytes).
    Removing eeprom.o(.rev16_text), (4 bytes).
    Removing eeprom.o(.revsh_text), (4 bytes).
    Removing eeprom.o(.rrx_text), (6 bytes).
    Removing ft6x06.o(.rev16_text), (4 bytes).
    Removing ft6x06.o(.revsh_text), (4 bytes).
    Removing ft6x06.o(.rrx_text), (6 bytes).
    Removing launchpad_io.o(.rev16_text), (4 bytes).
    Removing launchpad_io.o(.revsh_text), (4 bytes).
    Removing launchpad_io.o(.rrx_text), (6 bytes).
    Removing launchpad_io.o(.text), (196 bytes).
    Removing lcd.o(.rev16_text), (4 bytes).
    Removing lcd.o(.revsh_text), (4 bytes).
    Removing lcd.o(.rrx_text), (6 bytes).
    Removing ps2.o(.rev16_text), (4 bytes).
    Removing ps2.o(.revsh_text), (4 bytes).
    Removing ps2.o(.rrx_text), (6 bytes).
    Removing ps2.o(.text), (88 bytes).
    Removing serial_debug.o(.rev16_text), (4 bytes).
    Removing serial_debug.o(.revsh_text), (4 bytes).
    Removing serial_debug.o(.rrx_text), (6 bytes).
    Removing spi_select.o(.rev16_text), (4 bytes).
    Removing spi_select.o(.revsh_text), (4 bytes).
    Removing spi_select.o(.rrx_text), (6 bytes).
    Removing ws2812b.o(FLASH), (160 bytes).
    Removing io_expander.o(.rev16_text), (4 bytes).
    Removing io_expander.o(.revsh_text), (4 bytes).
    Removing io_expander.o(.rrx_text), (6 bytes).
    Removing system_tm4c123.o(.rev16_text), (4 bytes).
    Removing system_tm4c123.o(.revsh_text), (4 bytes).
    Removing system_tm4c123.o(.rrx_text), (6 bytes).

64 unused section(s) (total 896 bytes) removed from the image.

==============================================================================

Image Symbol Table

    Local Symbols

    Symbol Name                              Value     Ov Type        Size  Object(Section)

    RESET                                    0x00000000   Section      620  startup_tm4c123.o(RESET)
    ../clib/microlib/init/entry.s            0x00000000   Number         0  entry10a.o ABSOLUTE
    ../clib/microlib/init/entry.s            0x00000000   Number         0  entry9a.o ABSOLUTE
    ../clib/microlib/init/entry.s            0x00000000   Number         0  entry8b.o ABSOLUTE
    ../clib/microlib/init/entry.s            0x00000000   Number         0  entry.o ABSOLUTE
    ../clib/microlib/init/entry.s            0x00000000   Number         0  entry2.o ABSOLUTE
    ../clib/microlib/init/entry.s            0x00000000   Number         0  entry11b.o ABSOLUTE
    ../clib/microlib/init/entry.s            0x00000000   Number         0  entry9b.o ABSOLUTE
    ../clib/microlib/init/entry.s            0x00000000   Number         0  entry11a.o ABSOLUTE
    ../clib/microlib/init/entry.s            0x00000000   Number         0  entry10b.o ABSOLUTE
    ../clib/microlib/init/entry.s            0x00000000   Number         0  entry8a.o ABSOLUTE
    ../clib/microlib/init/entry.s            0x00000000   Number         0  entry7b.o ABSOLUTE
    ../clib/microlib/init/entry.s            0x00000000   Number         0  entry7a.o ABSOLUTE
    ../clib/microlib/init/entry.s            0x00000000   Number         0  entry5.o ABSOLUTE
    ../clib/microlib/malloc/malloc.c         0x00000000   Number         0  mallocra.o ABSOLUTE
    ../clib/microlib/malloc/malloc.c         0x00000000   Number         0  malloc.o ABSOLUTE
    ../clib/microlib/malloc/malloc.c         0x00000000   Number         0  mallocr.o ABSOLUTE
    ../clib/microlib/malloc/malloc.c         0x00000000   Number         0  malloca.o ABSOLUTE
    ../clib/microlib/malloc/mvars.c          0x00000000   Number         0  mvars.o ABSOLUTE
    ../clib/microlib/stdio/streams.c         0x00000000   Number         0  stdout.o ABSOLUTE
    ../clib/microlib/string/memcpy.c         0x00000000   Number         0  memcpyb.o ABSOLUTE
    ../clib/microlib/string/memcpy.c         0x00000000   Number         0  memcpya.o ABSOLUTE
    ..\\drivers\\c\\adc.c                    0x00000000   Number         0  adc.o ABSOLUTE
    ..\\drivers\\c\\gpio_port.c              0x00000000   Number         0  gpio_port.o ABSOLUTE
    ..\\drivers\\c\\i2c.c                    0x00000000   Number         0  i2c.o ABSOLUTE
    ..\\drivers\\c\\spi.c                    0x00000000   Number         0  spi.o ABSOLUTE
    ..\\drivers\\c\\timers.c                 0x00000000   Number         0  timers.o ABSOLUTE
    ..\\drivers\\c\\uart.c                   0x00000000   Number         0  uart.o ABSOLUTE
    ..\\peripherals\\c\\accel.c              0x00000000   Number         0  accel.o ABSOLUTE
    ..\\peripherals\\c\\eeprom.c             0x00000000   Number         0  eeprom.o ABSOLUTE
    ..\\peripherals\\c\\ft6x06.c             0x00000000   Number         0  ft6x06.o ABSOLUTE
    ..\\peripherals\\c\\io_expander.c        0x00000000   Number         0  io_expander.o ABSOLUTE
    ..\\peripherals\\c\\launchpad_io.c       0x00000000   Number         0  launchpad_io.o ABSOLUTE
    ..\\peripherals\\c\\lcd.c                0x00000000   Number         0  lcd.o ABSOLUTE
    ..\\peripherals\\c\\ps2.c                0x00000000   Number         0  ps2.o ABSOLUTE
    ..\\peripherals\\c\\serial_debug.c       0x00000000   Number         0  serial_debug.o ABSOLUTE
    ..\\peripherals\\c\\spi_select.c         0x00000000   Number         0  spi_select.o ABSOLUTE
    ..\drivers\c\adc.c                       0x00000000   Number         0  adc.o ABSOLUTE
    ..\drivers\c\gpio_port.c                 0x00000000   Number         0  gpio_port.o ABSOLUTE
    ..\drivers\c\i2c.c                       0x00000000   Number         0  i2c.o ABSOLUTE
    ..\drivers\c\pc_buffer.c                 0x00000000   Number         0  pc_buffer.o ABSOLUTE
    ..\drivers\c\spi.c                       0x00000000   Number         0  spi.o ABSOLUTE
    ..\drivers\c\timers.c                    0x00000000   Number         0  timers.o ABSOLUTE
    ..\drivers\c\uart.c                      0x00000000   Number         0  uart.o ABSOLUTE
    ..\peripherals\c\accel.c                 0x00000000   Number         0  accel.o ABSOLUTE
    ..\peripherals\c\eeprom.c                0x00000000   Number         0  eeprom.o ABSOLUTE
    ..\peripherals\c\ft6x06.c                0x00000000   Number         0  ft6x06.o ABSOLUTE
    ..\peripherals\c\io_expander.c           0x00000000   Number         0  io_expander.o ABSOLUTE
    ..\peripherals\c\launchpad_io.c          0x00000000   Number         0  launchpad_io.o ABSOLUTE
    ..\peripherals\c\lcd.c                   0x00000000   Number         0  lcd.o ABSOLUTE
    ..\peripherals\c\ps2.c                   0x00000000   Number         0  ps2.o ABSOLUTE
    ..\peripherals\c\serial_debug.c          0x00000000   Number         0  serial_debug.o ABSOLUTE
    ..\peripherals\c\spi_select.c            0x00000000   Number         0  spi_select.o ABSOLUTE
    ..\peripherals\c\ws2812b.s               0x00000000   Number         0  ws2812b.o ABSOLUTE
    RTE\Device\TM4C123GH6PM\startup_TM4C123.s 0x00000000   Number         0  startup_tm4c123.o ABSOLUTE
    RTE\Device\TM4C123GH6PM\system_TM4C123.c 0x00000000   Number         0  system_tm4c123.o ABSOLUTE
    RTE\\Device\\TM4C123GH6PM\\system_TM4C123.c 0x00000000   Number         0  system_tm4c123.o ABSOLUTE
    dc.s                                     0x00000000   Number         0  dc.o ABSOLUTE
    handlers.s                               0x00000000   Number         0  handlers.o ABSOLUTE
    images.c                                 0x00000000   Number         0  images.o ABSOLUTE
    init.s                                   0x00000000   Number         0  init.o ABSOLUTE
    main.c                                   0x00000000   Number         0  main.o ABSOLUTE
    main.c                                   0x00000000   Number         0  main.o ABSOLUTE
    project_hardware_init.c                  0x00000000   Number         0  project_hardware_init.o ABSOLUTE
    project_hardware_init.c                  0x00000000   Number         0  project_hardware_init.o ABSOLUTE
    project_interrupts.c                     0x00000000   Number         0  project_interrupts.o ABSOLUTE
    project_interrupts.c                     0x00000000   Number         0  project_interrupts.o ABSOLUTE
    tetris_game_logic.c                      0x00000000   Number         0  tetris_game_logic.o ABSOLUTE
    tetris_game_logic.c                      0x00000000   Number         0  tetris_game_logic.o ABSOLUTE
    .ARM.Collect$$$$00000000                 0x0000026c   Section        0  entry.o(.ARM.Collect$$$$00000000)
    .ARM.Collect$$$$00000001                 0x0000026c   Section        4  entry2.o(.ARM.Collect$$$$00000001)
    .ARM.Collect$$$$00000004                 0x00000270   Section        4  entry5.o(.ARM.Collect$$$$00000004)
    .ARM.Collect$$$$00000008                 0x00000274   Section        0  entry7b.o(.ARM.Collect$$$$00000008)
    .ARM.Collect$$$$0000000A                 0x00000274   Section        0  entry8b.o(.ARM.Collect$$$$0000000A)
    .ARM.Collect$$$$0000000B                 0x00000274   Section        8  entry9a.o(.ARM.Collect$$$$0000000B)
    .ARM.Collect$$$$0000000D                 0x0000027c   Section        0  entry10a.o(.ARM.Collect$$$$0000000D)
    .ARM.Collect$$$$0000000F                 0x0000027c   Section        0  entry11a.o(.ARM.Collect$$$$0000000F)
    .ARM.Collect$$$$00002712                 0x0000027c   Section        4  entry2.o(.ARM.Collect$$$$00002712)
    __lit__00000000                          0x0000027c   Data           4  entry2.o(.ARM.Collect$$$$00002712)
    .text                                    0x00000280   Section        0  main.o(.text)
    .text                                    0x000002bc   Section        0  project_hardware_init.o(.text)
    __NVIC_SetPriority                       0x000002bd   Thumb Code    32  project_hardware_init.o(.text)
    gpio_init                                0x000002dd   Thumb Code   150  project_hardware_init.o(.text)
    adc0_init                                0x00000373   Thumb Code   134  project_hardware_init.o(.text)
    timer4_init                              0x000003f9   Thumb Code   142  project_hardware_init.o(.text)
    timer5_init                              0x00000487   Thumb Code   144  project_hardware_init.o(.text)
    __NVIC_EnableIRQ                         0x00000547   Thumb Code    26  project_hardware_init.o(.text)
    .text                                    0x00000594   Section        0  project_interrupts.o(.text)
    .text                                    0x000007c8   Section        0  tetris_game_logic.o(.text)
    .text                                    0x000020d8   Section        0  gpio_port.o(.text)
    verify_base_addr                         0x000020d9   Thumb Code    64  gpio_port.o(.text)
    .text                                    0x00002398   Section        0  i2c.o(.text)
    .text                                    0x000025a0   Section        0  pc_buffer.o(.text)
    .text                                    0x0000261c   Section        0  spi.o(.text)
    .text                                    0x000027a8   Section        0  timers.o(.text)
    verify_base_addr                         0x000027a9   Thumb Code    64  timers.o(.text)
    get_clock_masks                          0x000027e9   Thumb Code   106  timers.o(.text)
    .text                                    0x00002918   Section        0  uart.o(.text)
    .text                                    0x00002bb0   Section        0  accel.o(.text)
    accel_reg_read                           0x00002bb1   Thumb Code    44  accel.o(.text)
    accel_reg_write                          0x00002bdd   Thumb Code    40  accel.o(.text)
    accel_CSN_low                            0x00002d35   Thumb Code    18  accel.o(.text)
    accel_CSN_high                           0x00002d47   Thumb Code    18  accel.o(.text)
    .text                                    0x00002d60   Section        0  eeprom.o(.text)
    eeprom_wait_for_write                    0x00002d61   Thumb Code    68  eeprom.o(.text)
    .text                                    0x00002f20   Section        0  ft6x06.o(.text)
    ft6x06_set_addr                          0x00002f21   Thumb Code    50  ft6x06.o(.text)
    ft6x06_read_data                         0x00002f53   Thumb Code    52  ft6x06.o(.text)
    .text                                    0x000030c8   Section        0  lcd.o(.text)
    delayms                                  0x000030c9   Thumb Code    26  lcd.o(.text)
    lcd_write_cmd_u8                         0x000030e3   Thumb Code    40  lcd.o(.text)
    lcd_write_data_u8                        0x0000310b   Thumb Code    28  lcd.o(.text)
    .text                                    0x00003698   Section        0  serial_debug.o(.text)
    .text                                    0x000038a0   Section        0  spi_select.o(.text)
    .text                                    0x00003944   Section        0  io_expander.o(.text)
    io_expander_wait_for_write               0x00003945   Thumb Code    66  io_expander.o(.text)
    .text                                    0x00003b40   Section      252  startup_tm4c123.o(.text)
    $v0                                      0x00003b40   Number         0  startup_tm4c123.o(.text)
    .text                                    0x00003c3c   Section        0  system_tm4c123.o(.text)
    getOscClk                                0x00003c3d   Thumb Code   182  system_tm4c123.o(.text)
    .text                                    0x00003e8c   Section       36  init.o(.text)
    i.__scatterload_copy                     0x00003eb0   Section       14  handlers.o(i.__scatterload_copy)
    i.__scatterload_null                     0x00003ebe   Section        2  handlers.o(i.__scatterload_null)
    i.__scatterload_zeroinit                 0x00003ec0   Section       14  handlers.o(i.__scatterload_zeroinit)
    i.lcd_write_data_u16                     0x00003ed0   Section        0  lcd.o(i.lcd_write_data_u16)
    i.malloc                                 0x00003f0c   Section        0  malloc.o(i.malloc)
    .constdata                               0x00003f78   Section    15731  images.o(.constdata)
    .data                                    0x20000000   Section       32  project_interrupts.o(.data)
    timer4_count                             0x20000019   Data           1  project_interrupts.o(.data)
    leftButton_count                         0x2000001a   Data           1  project_interrupts.o(.data)
    rightButton_count                        0x2000001b   Data           1  project_interrupts.o(.data)
    upButton_count                           0x2000001c   Data           1  project_interrupts.o(.data)
    downButton_count                         0x2000001d   Data           1  project_interrupts.o(.data)
    fall_count                               0x2000001e   Data           2  project_interrupts.o(.data)
    .data                                    0x20000020   Section       52  tetris_game_logic.o(.data)
    blocktype                                0x20000020   Data           1  tetris_game_logic.o(.data)
    highscore_eeprom_address                 0x2000004e   Data           6  tetris_game_logic.o(.data)
    .data                                    0x20000054   Section        2  serial_debug.o(.data)
    Rx_Interrupts_Enabled                    0x20000054   Data           1  serial_debug.o(.data)
    Tx_Interrupts_Enabled                    0x20000055   Data           1  serial_debug.o(.data)
    .data                                    0x20000056   Section        1  io_expander.o(.data)
    LED_ON                                   0x20000056   Data           1  io_expander.o(.data)
    .data                                    0x20000058   Section        4  system_tm4c123.o(.data)
    .data                                    0x2000005c   Section        4  stdout.o(.data)
    .data                                    0x20000060   Section        4  mvars.o(.data)
    .data                                    0x20000064   Section        4  mvars.o(.data)
    .bss                                     0x20000068   Section     1000  tetris_game_logic.o(.bss)
    .bss                                     0x20000450   Section       28  serial_debug.o(.bss)
    HEAP                                     0x20000470   Section        0  startup_tm4c123.o(HEAP)
    STACK                                    0x20000470   Section     4096  startup_tm4c123.o(STACK)

    Global Symbols

    Symbol Name                              Value     Ov Type        Size  Object(Section)

    BuildAttributes$$THM_ISAv4$E$P$D$K$B$S$7EM$VFPi3$EXTD16$VFPS$VFMA$PE$A:L22UL41UL21$X:L11$S22US41US21$IEEE1$IW$USESV6$~STKCKD$USESV7$~SHL$OSPACE$EBA8$MICROLIB$REQ8$EABIv2 0x00000000   Number         0  anon$$obj.o ABSOLUTE
    __ARM_use_no_argv                        0x00000000   Number         0  main.o ABSOLUTE
    __Vectors                                0x00000000   Data           4  startup_tm4c123.o(RESET)
    __cpp_initialize__aeabi_                  - Undefined Weak Reference
    __cxa_finalize                            - Undefined Weak Reference
    __decompress                              - Undefined Weak Reference
    _clock_init                               - Undefined Weak Reference
    _microlib_exit                            - Undefined Weak Reference
    __Vectors_End                            0x0000026c   Data           0  startup_tm4c123.o(RESET)
    __Vectors_Size                           0x0000026c   Number         0  startup_tm4c123.o ABSOLUTE
    __main                                   0x0000026d   Thumb Code     0  entry.o(.ARM.Collect$$$$00000000)
    _main_stk                                0x0000026d   Thumb Code     0  entry2.o(.ARM.Collect$$$$00000001)
    _main_scatterload                        0x00000271   Thumb Code     0  entry5.o(.ARM.Collect$$$$00000004)
    __main_after_scatterload                 0x00000275   Thumb Code     0  entry5.o(.ARM.Collect$$$$00000004)
    _main_clock                              0x00000275   Thumb Code     0  entry7b.o(.ARM.Collect$$$$00000008)
    _main_cpp_init                           0x00000275   Thumb Code     0  entry8b.o(.ARM.Collect$$$$0000000A)
    _main_init                               0x00000275   Thumb Code     0  entry9a.o(.ARM.Collect$$$$0000000B)
    __rt_final_cpp                           0x0000027d   Thumb Code     0  entry10a.o(.ARM.Collect$$$$0000000D)
    __rt_final_exit                          0x0000027d   Thumb Code     0  entry11a.o(.ARM.Collect$$$$0000000F)
    DisableInterrupts                        0x00000281   Thumb Code     4  main.o(.text)
    EnableInterrupts                         0x00000285   Thumb Code     4  main.o(.text)
    initializeBoard                          0x00000289   Thumb Code    36  main.o(.text)
    main                                     0x000002ad   Thumb Code    10  main.o(.text)
    initialize_hardware                      0x00000517   Thumb Code    48  project_hardware_init.o(.text)
    TIMER4A_Handler                          0x00000595   Thumb Code   268  project_interrupts.o(.text)
    TIMER5A_Handler                          0x000006a1   Thumb Code   160  project_interrupts.o(.text)
    ADC0SS1_Handler                          0x00000741   Thumb Code    42  project_interrupts.o(.text)
    draw_block                               0x000007c9   Thumb Code  1410  tetris_game_logic.o(.text)
    update_board                             0x00000d4b   Thumb Code    88  tetris_game_logic.o(.text)
    wait_ms                                  0x00000da3   Thumb Code    18  tetris_game_logic.o(.text)
    fall_block                               0x00000db5   Thumb Code    40  tetris_game_logic.o(.text)
    spawn_block                              0x00000ddd   Thumb Code    64  tetris_game_logic.o(.text)
    init_game                                0x00000e1d   Thumb Code   254  tetris_game_logic.o(.text)
    checkBlockSurrounding                    0x00000f1b   Thumb Code   128  tetris_game_logic.o(.text)
    check_surroundings                       0x00000f9b   Thumb Code  1762  tetris_game_logic.o(.text)
    rotate_block                             0x0000167d   Thumb Code   302  tetris_game_logic.o(.text)
    move_block                               0x000017ab   Thumb Code    66  tetris_game_logic.o(.text)
    flash_LEDs                               0x000017ed   Thumb Code    58  tetris_game_logic.o(.text)
    fall_delay_ms                            0x00001827   Thumb Code    66  tetris_game_logic.o(.text)
    detect_line                              0x00001869   Thumb Code   156  tetris_game_logic.o(.text)
    detect_loss                              0x00001905   Thumb Code    32  tetris_game_logic.o(.text)
    gameOver                                 0x00001925   Thumb Code   184  tetris_game_logic.o(.text)
    tetris_init                              0x000019dd   Thumb Code    12  tetris_game_logic.o(.text)
    displayHighScore                         0x000019e9   Thumb Code   672  tetris_game_logic.o(.text)
    project_main                             0x00001c89   Thumb Code  1104  tetris_game_logic.o(.text)
    gpio_get_irq_num                         0x00002119   Thumb Code    74  gpio_port.o(.text)
    gpio_enable_port                         0x00002163   Thumb Code   166  gpio_port.o(.text)
    gpio_config_digital_enable               0x00002209   Thumb Code    34  gpio_port.o(.text)
    gpio_config_enable_output                0x0000222b   Thumb Code    34  gpio_port.o(.text)
    gpio_config_enable_input                 0x0000224d   Thumb Code    34  gpio_port.o(.text)
    gpio_config_enable_pullup                0x0000226f   Thumb Code    34  gpio_port.o(.text)
    gpio_config_enable_pulldown              0x00002291   Thumb Code    34  gpio_port.o(.text)
    gpio_config_analog_enable                0x000022b3   Thumb Code    34  gpio_port.o(.text)
    gpio_config_alternate_function           0x000022d5   Thumb Code    34  gpio_port.o(.text)
    gpio_config_port_control                 0x000022f7   Thumb Code    50  gpio_port.o(.text)
    gpio_config_open_drain                   0x00002329   Thumb Code    44  gpio_port.o(.text)
    gpio_config_falling_edge_irq             0x00002355   Thumb Code    34  gpio_port.o(.text)
    initializeI2CMaster                      0x00002399   Thumb Code   160  i2c.o(.text)
    i2cVerifyBaseAddr                        0x00002439   Thumb Code    36  i2c.o(.text)
    i2cSetSlaveAddr                          0x0000245d   Thumb Code    30  i2c.o(.text)
    i2cStop                                  0x0000247b   Thumb Code    26  i2c.o(.text)
    I2CMasterBusy                            0x00002495   Thumb Code    34  i2c.o(.text)
    I2CMasterAdrAck                          0x000024b7   Thumb Code    34  i2c.o(.text)
    I2CMasterDatAck                          0x000024d9   Thumb Code    34  i2c.o(.text)
    i2cSendByte                              0x000024fb   Thumb Code    82  i2c.o(.text)
    i2cGetByte                               0x0000254d   Thumb Code    60  i2c.o(.text)
    pc_buffer_init                           0x000025a1   Thumb Code    26  pc_buffer.o(.text)
    pc_buffer_add                            0x000025bb   Thumb Code    28  pc_buffer.o(.text)
    pc_buffer_remove                         0x000025d7   Thumb Code    30  pc_buffer.o(.text)
    pc_buffer_empty                          0x000025f5   Thumb Code    18  pc_buffer.o(.text)
    pc_buffer_full                           0x00002607   Thumb Code    22  pc_buffer.o(.text)
    spiVerifyBaseAddr                        0x0000261d   Thumb Code    34  spi.o(.text)
    initialize_spi                           0x0000263f   Thumb Code   242  spi.o(.text)
    spiTx                                    0x00002731   Thumb Code    94  spi.o(.text)
    gp_timer_wait                            0x00002853   Thumb Code    64  timers.o(.text)
    gp_timer_config_32                       0x00002893   Thumb Code   118  timers.o(.text)
    verify_uart_base                         0x00002919   Thumb Code    54  uart.o(.text)
    uart_get_rcgc_mask                       0x0000294f   Thumb Code    68  uart.o(.text)
    uart_get_pr_mask                         0x00002993   Thumb Code    68  uart.o(.text)
    uart_get_irq_num                         0x000029d7   Thumb Code    68  uart.o(.text)
    uart_tx_poll                             0x00002a1b   Thumb Code    38  uart.o(.text)
    uart_tx_poll_string                      0x00002a41   Thumb Code    50  uart.o(.text)
    uart_rx_poll                             0x00002a73   Thumb Code    70  uart.o(.text)
    uart_init                                0x00002ab9   Thumb Code   228  uart.o(.text)
    accel_read_x                             0x00002c05   Thumb Code    26  accel.o(.text)
    accel_read_y                             0x00002c1f   Thumb Code    26  accel.o(.text)
    accel_read_z                             0x00002c39   Thumb Code    26  accel.o(.text)
    accel_initialize                         0x00002c53   Thumb Code   226  accel.o(.text)
    eeprom_byte_write                        0x00002da5   Thumb Code   112  eeprom.o(.text)
    eeprom_byte_read                         0x00002e15   Thumb Code   106  eeprom.o(.text)
    eeprom_init                              0x00002e7f   Thumb Code   156  eeprom.o(.text)
    ft6x06_read_td_status                    0x00002f87   Thumb Code    44  ft6x06.o(.text)
    ft6x06_read_x                            0x00002fb3   Thumb Code    58  ft6x06.o(.text)
    ft6x06_read_y                            0x00002fed   Thumb Code    60  ft6x06.o(.text)
    ft6x06_init                              0x00003029   Thumb Code   156  ft6x06.o(.text)
    lcd_set_pos                              0x00003127   Thumb Code    58  lcd.o(.text)
    lcd_clear_screen                         0x00003161   Thumb Code    52  lcd.o(.text)
    lcd_draw_image                           0x00003195   Thumb Code   242  lcd.o(.text)
    lcd_draw_block                           0x00003287   Thumb Code   280  lcd.o(.text)
    lcd_config_gpio                          0x0000339f   Thumb Code   190  lcd.o(.text)
    lcd_config_screen                        0x0000345d   Thumb Code   568  lcd.o(.text)
    init_serial_debug                        0x00003699   Thumb Code   102  serial_debug.o(.text)
    serial_debug_rx                          0x000036ff   Thumb Code    46  serial_debug.o(.text)
    serial_debug_tx                          0x0000372d   Thumb Code    88  serial_debug.o(.text)
    fputc                                    0x00003785   Thumb Code    66  serial_debug.o(.text)
    fgetc                                    0x000037c7   Thumb Code    50  serial_debug.o(.text)
    UART0_Handler                            0x000037f9   Thumb Code   144  serial_debug.o(.text)
    spi_select                               0x000038a1   Thumb Code    62  spi_select.o(.text)
    spi_select_init                          0x000038df   Thumb Code    92  spi_select.o(.text)
    io_expander_write_reg                    0x00003987   Thumb Code    70  io_expander.o(.text)
    io_expander_read_reg                     0x000039cd   Thumb Code    82  io_expander.o(.text)
    io_expander_read_button_poll             0x00003a1f   Thumb Code    78  io_expander.o(.text)
    toggle_LEDs                              0x00003a6d   Thumb Code    24  io_expander.o(.text)
    io_expander_init                         0x00003a85   Thumb Code   180  io_expander.o(.text)
    Reset_Handler                            0x00003b41   Thumb Code     8  startup_tm4c123.o(.text)
    NMI_Handler                              0x00003b49   Thumb Code     2  startup_tm4c123.o(.text)
    HardFault_Handler                        0x00003b4b   Thumb Code     2  startup_tm4c123.o(.text)
    MemManage_Handler                        0x00003b4d   Thumb Code     2  startup_tm4c123.o(.text)
    BusFault_Handler                         0x00003b4f   Thumb Code     2  startup_tm4c123.o(.text)
    UsageFault_Handler                       0x00003b51   Thumb Code     2  startup_tm4c123.o(.text)
    SVC_Handler                              0x00003b53   Thumb Code     2  startup_tm4c123.o(.text)
    DebugMon_Handler                         0x00003b55   Thumb Code     2  startup_tm4c123.o(.text)
    PendSV_Handler                           0x00003b57   Thumb Code     2  startup_tm4c123.o(.text)
    SysTick_Handler                          0x00003b59   Thumb Code     2  startup_tm4c123.o(.text)
    GPIOA_Handler                            0x00003b5b   Thumb Code     2  startup_tm4c123.o(.text)
    GPIOB_Handler                            0x00003b5d   Thumb Code     2  startup_tm4c123.o(.text)
    GPIOC_Handler                            0x00003b5f   Thumb Code     2  startup_tm4c123.o(.text)
    GPIOD_Handler                            0x00003b61   Thumb Code     2  startup_tm4c123.o(.text)
    GPIOE_Handler                            0x00003b63   Thumb Code     2  startup_tm4c123.o(.text)
    UART1_Handler                            0x00003b67   Thumb Code     2  startup_tm4c123.o(.text)
    SSI0_Handler                             0x00003b69   Thumb Code     2  startup_tm4c123.o(.text)
    I2C0_Handler                             0x00003b6b   Thumb Code     2  startup_tm4c123.o(.text)
    PMW0_FAULT_Handler                       0x00003b6d   Thumb Code     2  startup_tm4c123.o(.text)
    PWM0_0_Handler                           0x00003b6f   Thumb Code     2  startup_tm4c123.o(.text)
    PWM0_1_Handler                           0x00003b71   Thumb Code     2  startup_tm4c123.o(.text)
    PWM0_2_Handler                           0x00003b73   Thumb Code     2  startup_tm4c123.o(.text)
    QEI0_Handler                             0x00003b75   Thumb Code     2  startup_tm4c123.o(.text)
    ADC0SS0_Handler                          0x00003b77   Thumb Code     2  startup_tm4c123.o(.text)
    ADC0SS2_Handler                          0x00003b7b   Thumb Code     2  startup_tm4c123.o(.text)
    ADC0SS3_Handler                          0x00003b7d   Thumb Code     2  startup_tm4c123.o(.text)
    WDT0_Handler                             0x00003b7f   Thumb Code     2  startup_tm4c123.o(.text)
    TIMER0A_Handler                          0x00003b81   Thumb Code     2  startup_tm4c123.o(.text)
    TIMER0B_Handler                          0x00003b83   Thumb Code     2  startup_tm4c123.o(.text)
    TIMER1A_Handler                          0x00003b85   Thumb Code     2  startup_tm4c123.o(.text)
    TIMER1B_Handler                          0x00003b87   Thumb Code     2  startup_tm4c123.o(.text)
    TIMER2A_Handler                          0x00003b89   Thumb Code     2  startup_tm4c123.o(.text)
    TIMER2B_Handler                          0x00003b8b   Thumb Code     2  startup_tm4c123.o(.text)
    COMP0_Handler                            0x00003b8d   Thumb Code     2  startup_tm4c123.o(.text)
    COMP1_Handler                            0x00003b8f   Thumb Code     2  startup_tm4c123.o(.text)
    COMP2_Handler                            0x00003b91   Thumb Code     2  startup_tm4c123.o(.text)
    SYSCTL_Handler                           0x00003b93   Thumb Code     2  startup_tm4c123.o(.text)
    FLASH_Handler                            0x00003b95   Thumb Code     2  startup_tm4c123.o(.text)
    GPIOF_Handler                            0x00003b97   Thumb Code     2  startup_tm4c123.o(.text)
    GPIOG_Handler                            0x00003b99   Thumb Code     2  startup_tm4c123.o(.text)
    GPIOH_Handler                            0x00003b9b   Thumb Code     2  startup_tm4c123.o(.text)
    UART2_Handler                            0x00003b9d   Thumb Code     2  startup_tm4c123.o(.text)
    SSI1_Handler                             0x00003b9f   Thumb Code     2  startup_tm4c123.o(.text)
    TIMER3A_Handler                          0x00003ba1   Thumb Code     2  startup_tm4c123.o(.text)
    TIMER3B_Handler                          0x00003ba3   Thumb Code     2  startup_tm4c123.o(.text)
    I2C1_Handler                             0x00003ba5   Thumb Code     2  startup_tm4c123.o(.text)
    QEI1_Handler                             0x00003ba7   Thumb Code     2  startup_tm4c123.o(.text)
    CAN0_Handler                             0x00003ba9   Thumb Code     2  startup_tm4c123.o(.text)
    CAN1_Handler                             0x00003bab   Thumb Code     2  startup_tm4c123.o(.text)
    CAN2_Handler                             0x00003bad   Thumb Code     2  startup_tm4c123.o(.text)
    HIB_Handler                              0x00003baf   Thumb Code     2  startup_tm4c123.o(.text)
    USB0_Handler                             0x00003bb1   Thumb Code     2  startup_tm4c123.o(.text)
    PWM0_3_Handler                           0x00003bb3   Thumb Code     2  startup_tm4c123.o(.text)
    UDMA_Handler                             0x00003bb5   Thumb Code     2  startup_tm4c123.o(.text)
    UDMAERR_Handler                          0x00003bb7   Thumb Code     2  startup_tm4c123.o(.text)
    ADC1SS0_Handler                          0x00003bb9   Thumb Code     2  startup_tm4c123.o(.text)
    ADC1SS1_Handler                          0x00003bbb   Thumb Code     2  startup_tm4c123.o(.text)
    ADC1SS2_Handler                          0x00003bbd   Thumb Code     2  startup_tm4c123.o(.text)
    ADC1SS3_Handler                          0x00003bbf   Thumb Code     2  startup_tm4c123.o(.text)
    GPIOJ_Handler                            0x00003bc1   Thumb Code     2  startup_tm4c123.o(.text)
    GPIOK_Handler                            0x00003bc3   Thumb Code     2  startup_tm4c123.o(.text)
    GPIOL_Handler                            0x00003bc5   Thumb Code     2  startup_tm4c123.o(.text)
    SSI2_Handler                             0x00003bc7   Thumb Code     2  startup_tm4c123.o(.text)
    SSI3_Handler                             0x00003bc9   Thumb Code     2  startup_tm4c123.o(.text)
    UART3_Handler                            0x00003bcb   Thumb Code     2  startup_tm4c123.o(.text)
    UART4_Handler                            0x00003bcd   Thumb Code     2  startup_tm4c123.o(.text)
    UART5_Handler                            0x00003bcf   Thumb Code     2  startup_tm4c123.o(.text)
    UART6_Handler                            0x00003bd1   Thumb Code     2  startup_tm4c123.o(.text)
    UART7_Handler                            0x00003bd3   Thumb Code     2  startup_tm4c123.o(.text)
    I2C2_Handler                             0x00003bd5   Thumb Code     2  startup_tm4c123.o(.text)
    I2C3_Handler                             0x00003bd7   Thumb Code     2  startup_tm4c123.o(.text)
    TIMER4B_Handler                          0x00003bdb   Thumb Code     2  startup_tm4c123.o(.text)
    TIMER5B_Handler                          0x00003bdf   Thumb Code     2  startup_tm4c123.o(.text)
    WTIMER0A_Handler                         0x00003be1   Thumb Code     2  startup_tm4c123.o(.text)
    WTIMER0B_Handler                         0x00003be3   Thumb Code     2  startup_tm4c123.o(.text)
    WTIMER1A_Handler                         0x00003be5   Thumb Code     2  startup_tm4c123.o(.text)
    WTIMER1B_Handler                         0x00003be7   Thumb Code     2  startup_tm4c123.o(.text)
    WTIMER2A_Handler                         0x00003be9   Thumb Code     2  startup_tm4c123.o(.text)
    WTIMER2B_Handler                         0x00003beb   Thumb Code     2  startup_tm4c123.o(.text)
    WTIMER3A_Handler                         0x00003bed   Thumb Code     2  startup_tm4c123.o(.text)
    WTIMER3B_Handler                         0x00003bef   Thumb Code     2  startup_tm4c123.o(.text)
    WTIMER4A_Handler                         0x00003bf1   Thumb Code     2  startup_tm4c123.o(.text)
    WTIMER4B_Handler                         0x00003bf3   Thumb Code     2  startup_tm4c123.o(.text)
    WTIMER5A_Handler                         0x00003bf5   Thumb Code     2  startup_tm4c123.o(.text)
    WTIMER5B_Handler                         0x00003bf7   Thumb Code     2  startup_tm4c123.o(.text)
    FPU_Handler                              0x00003bf9   Thumb Code     2  startup_tm4c123.o(.text)
    I2C4_Handler                             0x00003bfb   Thumb Code     2  startup_tm4c123.o(.text)
    I2C5_Handler                             0x00003bfd   Thumb Code     2  startup_tm4c123.o(.text)
    GPIOM_Handler                            0x00003bff   Thumb Code     2  startup_tm4c123.o(.text)
    GPION_Handler                            0x00003c01   Thumb Code     2  startup_tm4c123.o(.text)
    QEI2_Handler                             0x00003c03   Thumb Code     2  startup_tm4c123.o(.text)
    GPIOP0_Handler                           0x00003c05   Thumb Code     2  startup_tm4c123.o(.text)
    GPIOP1_Handler                           0x00003c07   Thumb Code     2  startup_tm4c123.o(.text)
    GPIOP2_Handler                           0x00003c09   Thumb Code     2  startup_tm4c123.o(.text)
    GPIOP3_Handler                           0x00003c0b   Thumb Code     2  startup_tm4c123.o(.text)
    GPIOP4_Handler                           0x00003c0d   Thumb Code     2  startup_tm4c123.o(.text)
    GPIOP5_Handler                           0x00003c0f   Thumb Code     2  startup_tm4c123.o(.text)
    GPIOP6_Handler                           0x00003c11   Thumb Code     2  startup_tm4c123.o(.text)
    GPIOP7_Handler                           0x00003c13   Thumb Code     2  startup_tm4c123.o(.text)
    GPIOQ0_Handler                           0x00003c15   Thumb Code     2  startup_tm4c123.o(.text)
    GPIOQ1_Handler                           0x00003c17   Thumb Code     2  startup_tm4c123.o(.text)
    GPIOQ2_Handler                           0x00003c19   Thumb Code     2  startup_tm4c123.o(.text)
    GPIOQ3_Handler                           0x00003c1b   Thumb Code     2  startup_tm4c123.o(.text)
    GPIOQ4_Handler                           0x00003c1d   Thumb Code     2  startup_tm4c123.o(.text)
    GPIOQ5_Handler                           0x00003c1f   Thumb Code     2  startup_tm4c123.o(.text)
    GPIOQ6_Handler                           0x00003c21   Thumb Code     2  startup_tm4c123.o(.text)
    GPIOQ7_Handler                           0x00003c23   Thumb Code     2  startup_tm4c123.o(.text)
    GPIOR_Handler                            0x00003c25   Thumb Code     2  startup_tm4c123.o(.text)
    GPIOS_Handler                            0x00003c27   Thumb Code     2  startup_tm4c123.o(.text)
    PMW1_0_Handler                           0x00003c29   Thumb Code     2  startup_tm4c123.o(.text)
    PWM1_1_Handler                           0x00003c2b   Thumb Code     2  startup_tm4c123.o(.text)
    PWM1_2_Handler                           0x00003c2d   Thumb Code     2  startup_tm4c123.o(.text)
    PWM1_3_Handler                           0x00003c2f   Thumb Code     2  startup_tm4c123.o(.text)
    PWM1_FAULT_Handler                       0x00003c31   Thumb Code     2  startup_tm4c123.o(.text)
    SystemCoreClockUpdate                    0x00003cf3   Thumb Code   184  system_tm4c123.o(.text)
    SystemInit                               0x00003dab   Thumb Code   112  system_tm4c123.o(.text)
    __scatterload                            0x00003e8d   Thumb Code    28  init.o(.text)
    __scatterload_rt2                        0x00003e8d   Thumb Code     0  init.o(.text)
    __scatterload_copy                       0x00003eb1   Thumb Code    14  handlers.o(i.__scatterload_copy)
    __scatterload_null                       0x00003ebf   Thumb Code     2  handlers.o(i.__scatterload_null)
    __scatterload_zeroinit                   0x00003ec1   Thumb Code    14  handlers.o(i.__scatterload_zeroinit)
    lcd_write_data_u16                       0x00003ed1   Thumb Code    48  lcd.o(i.lcd_write_data_u16)
    malloc                                   0x00003f0d   Thumb Code    92  malloc.o(i.malloc)
    square_bitmaps                           0x00003f78   Data          30  images.o(.constdata)
    welcomeBitmaps                           0x00003f96   Data        4669  images.o(.constdata)
    welcomeWidthPixels                       0x000051d3   Data           1  images.o(.constdata)
    welcomeHeightPixels                      0x000051d4   Data           1  images.o(.constdata)
    welcomebricksBitmaps                     0x000051d5   Data        2100  images.o(.constdata)
    welcomebricksWidthPixels                 0x00005a09   Data           1  images.o(.constdata)
    welcomebricksHeightPixels                0x00005a0a   Data           1  images.o(.constdata)
    side_bricksBitmaps                       0x00005a0b   Data         960  images.o(.constdata)
    side_bricksWidthPixels                   0x00005dcb   Data           1  images.o(.constdata)
    side_bricksHeightPixels                  0x00005dcc   Data           1  images.o(.constdata)
    highscoresBitmaps                        0x00005dcd   Data        7221  images.o(.constdata)
    highscoresWidthPixels                    0x00007a02   Data           1  images.o(.constdata)
    highscoresHeightPixels                   0x00007a03   Data           1  images.o(.constdata)
    zero_bitmaps                             0x00007a04   Data          75  images.o(.constdata)
    one_bitmaps                              0x00007a4f   Data          75  images.o(.constdata)
    two_bitmaps                              0x00007a9a   Data          66  images.o(.constdata)
    three_bitmaps                            0x00007adc   Data          75  images.o(.constdata)
    four_bitmaps                             0x00007b27   Data          75  images.o(.constdata)
    five_bitmaps                             0x00007b72   Data          75  images.o(.constdata)
    six_bitmaps                              0x00007bbd   Data          75  images.o(.constdata)
    seven_bitmaps                            0x00007c08   Data          75  images.o(.constdata)
    eight_bitmaps                            0x00007c53   Data          75  images.o(.constdata)
    nine_bitmaps                             0x00007c9e   Data          75  images.o(.constdata)
    num_widthPixels                          0x00007ce9   Data           1  images.o(.constdata)
    num_heightPixels                         0x00007cea   Data           1  images.o(.constdata)
    Region$$Table$$Base                      0x00007cec   Number         0  anon$$obj.o(Region$$Table)
    Region$$Table$$Limit                     0x00007d0c   Number         0  anon$$obj.o(Region$$Table)
    x_pos                                    0x20000000   Data           4  project_interrupts.o(.data)
    y_pos                                    0x20000004   Data           4  project_interrupts.o(.data)
    buttonPressed                            0x20000008   Data           1  project_interrupts.o(.data)
    leftButtonPressed                        0x20000009   Data           1  project_interrupts.o(.data)
    rightButtonPressed                       0x2000000a   Data           1  project_interrupts.o(.data)
    upButtonPressed                          0x2000000b   Data           1  project_interrupts.o(.data)
    downButtonPressed                        0x2000000c   Data           1  project_interrupts.o(.data)
    timerDone                                0x2000000d   Data           1  project_interrupts.o(.data)
    random                                   0x2000000e   Data           1  project_interrupts.o(.data)
    AlertADC                                 0x2000000f   Data           1  project_interrupts.o(.data)
    wait                                     0x20000010   Data           4  project_interrupts.o(.data)
    avg_ps2x                                 0x20000014   Data           2  project_interrupts.o(.data)
    avg_ps2y                                 0x20000016   Data           2  project_interrupts.o(.data)
    ADC_avg_ready                            0x20000018   Data           1  project_interrupts.o(.data)
    num_bitmaps                              0x20000024   Data          40  tetris_game_logic.o(.data)
    linesCleared                             0x2000004c   Data           2  tetris_game_logic.o(.data)
    SystemCoreClock                          0x20000058   Data           4  system_tm4c123.o(.data)
    __stdout                                 0x2000005c   Data           4  stdout.o(.data)
    __microlib_freelist                      0x20000060   Data           4  mvars.o(.data)
    __microlib_freelist_initialised          0x20000064   Data           4  mvars.o(.data)
    board                                    0x20000068   Data        1000  tetris_game_logic.o(.bss)
    UART0_Tx_Buffer                          0x20000450   Data          14  serial_debug.o(.bss)
    UART0_Rx_Buffer                          0x2000045e   Data          14  serial_debug.o(.bss)
    __heap_base                              0x20000470   Data           0  startup_tm4c123.o(HEAP)
    __heap_limit                             0x20000470   Data           0  startup_tm4c123.o(HEAP)
    __initial_sp                             0x20001470   Data           0  startup_tm4c123.o(STACK)



==============================================================================

Memory Map of the image

  Image Entry point : 0x00003b41

  Load Region LR_1 (Base: 0x00000000, Size: 0x00007d74, Max: 0xffffffff, ABSOLUTE)

    Execution Region ER_RO (Exec base: 0x00000000, Load base: 0x00000000, Size: 0x00007d0c, Max: 0xffffffff, ABSOLUTE)

    Exec Addr    Load Addr    Size         Type   Attr      Idx    E Section Name        Object

    0x00000000   0x00000000   0x0000026c   Data   RO          657    RESET               startup_tm4c123.o
    0x0000026c   0x0000026c   0x00000000   Code   RO          692  * .ARM.Collect$$$$00000000  mc_w.l(entry.o)
    0x0000026c   0x0000026c   0x00000004   Code   RO          724    .ARM.Collect$$$$00000001  mc_w.l(entry2.o)
    0x00000270   0x00000270   0x00000004   Code   RO          727    .ARM.Collect$$$$00000004  mc_w.l(entry5.o)
    0x00000274   0x00000274   0x00000000   Code   RO          729    .ARM.Collect$$$$00000008  mc_w.l(entry7b.o)
    0x00000274   0x00000274   0x00000000   Code   RO          731    .ARM.Collect$$$$0000000A  mc_w.l(entry8b.o)
    0x00000274   0x00000274   0x00000008   Code   RO          732    .ARM.Collect$$$$0000000B  mc_w.l(entry9a.o)
    0x0000027c   0x0000027c   0x00000000   Code   RO          734    .ARM.Collect$$$$0000000D  mc_w.l(entry10a.o)
    0x0000027c   0x0000027c   0x00000000   Code   RO          736    .ARM.Collect$$$$0000000F  mc_w.l(entry11a.o)
    0x0000027c   0x0000027c   0x00000004   Code   RO          725    .ARM.Collect$$$$00002712  mc_w.l(entry2.o)
    0x00000280   0x00000280   0x0000003c   Code   RO            4    .text               main.o
    0x000002bc   0x000002bc   0x000002d8   Code   RO          148    .text               project_hardware_init.o
    0x00000594   0x00000594   0x00000234   Code   RO          176    .text               project_interrupts.o
    0x000007c8   0x000007c8   0x00001910   Code   RO          204    .text               tetris_game_logic.o
    0x000020d8   0x000020d8   0x000002c0   Code   RO          273    .text               gpio_port.o
    0x00002398   0x00002398   0x00000208   Code   RO          297    .text               i2c.o
    0x000025a0   0x000025a0   0x0000007c   Code   RO          318    .text               pc_buffer.o
    0x0000261c   0x0000261c   0x0000018c   Code   RO          336    .text               spi.o
    0x000027a8   0x000027a8   0x00000170   Code   RO          360    .text               timers.o
    0x00002918   0x00002918   0x00000298   Code   RO          384    .text               uart.o
    0x00002bb0   0x00002bb0   0x000001b0   Code   RO          412    .text               accel.o
    0x00002d60   0x00002d60   0x000001c0   Code   RO          436    .text               eeprom.o
    0x00002f20   0x00002f20   0x000001a8   Code   RO          460    .text               ft6x06.o
    0x000030c8   0x000030c8   0x000005d0   Code   RO          508    .text               lcd.o
    0x00003698   0x00003698   0x00000208   Code   RO          562    .text               serial_debug.o
    0x000038a0   0x000038a0   0x000000a4   Code   RO          598    .text               spi_select.o
    0x00003944   0x00003944   0x000001fc   Code   RO          626    .text               io_expander.o
    0x00003b40   0x00003b40   0x000000fc   Code   RO          658  * .text               startup_tm4c123.o
    0x00003c3c   0x00003c3c   0x00000250   Code   RO          665    .text               system_tm4c123.o
    0x00003e8c   0x00003e8c   0x00000024   Code   RO          744    .text               mc_w.l(init.o)
    0x00003eb0   0x00003eb0   0x0000000e   Code   RO          748    i.__scatterload_copy  mc_w.l(handlers.o)
    0x00003ebe   0x00003ebe   0x00000002   Code   RO          749    i.__scatterload_null  mc_w.l(handlers.o)
    0x00003ec0   0x00003ec0   0x0000000e   Code   RO          750    i.__scatterload_zeroinit  mc_w.l(handlers.o)
    0x00003ece   0x00003ece   0x00000002   PAD
    0x00003ed0   0x00003ed0   0x0000003c   Code   RO          526    i.lcd_write_data_u16  lcd.o
    0x00003f0c   0x00003f0c   0x0000006c   Code   RO          697    i.malloc            mc_w.l(malloc.o)
    0x00003f78   0x00003f78   0x00003d73   Data   RO          230    .constdata          images.o
    0x00007ceb   0x00007ceb   0x00000001   PAD
    0x00007cec   0x00007cec   0x00000020   Data   RO          746    Region$$Table       anon$$obj.o


    Execution Region ER_RW (Exec base: 0x20000000, Load base: 0x00007d0c, Size: 0x00000068, Max: 0xffffffff, ABSOLUTE)

    Exec Addr    Load Addr    Size         Type   Attr      Idx    E Section Name        Object

    0x20000000   0x00007d0c   0x00000020   Data   RW          177    .data               project_interrupts.o
    0x20000020   0x00007d2c   0x00000034   Data   RW          206    .data               tetris_game_logic.o
    0x20000054   0x00007d60   0x00000002   Data   RW          564    .data               serial_debug.o
    0x20000056   0x00007d62   0x00000001   Data   RW          627    .data               io_expander.o
    0x20000057   0x00007d63   0x00000001   PAD
    0x20000058   0x00007d64   0x00000004   Data   RW          666    .data               system_tm4c123.o
    0x2000005c   0x00007d68   0x00000004   Data   RW          695    .data               mc_w.l(stdout.o)
    0x20000060   0x00007d6c   0x00000004   Data   RW          742    .data               mc_w.l(mvars.o)
    0x20000064   0x00007d70   0x00000004   Data   RW          743    .data               mc_w.l(mvars.o)


    Execution Region ER_ZI (Exec base: 0x20000068, Load base: 0x00007d74, Size: 0x00001408, Max: 0xffffffff, ABSOLUTE)

    Exec Addr    Load Addr    Size         Type   Attr      Idx    E Section Name        Object

    0x20000068        -       0x000003e8   Zero   RW          205    .bss                tetris_game_logic.o
    0x20000450        -       0x0000001c   Zero   RW          563    .bss                serial_debug.o
    0x2000046c   0x00007d74   0x00000004   PAD
    0x20000470        -       0x00000000   Zero   RW          656    HEAP                startup_tm4c123.o
    0x20000470        -       0x00001000   Zero   RW          655    STACK               startup_tm4c123.o


==============================================================================

Image component sizes


      Code (inc. data)   RO Data    RW Data    ZI Data      Debug   Object Name

       432          8          0          0          0       2246   accel.o
       448          6          0          0          0       2121   eeprom.o
       424          4          0          0          0       2240   ft6x06.o
       704         34          0          0          0       5270   gpio_port.o
       520         24          0          0          0       3673   i2c.o
         0          0      15731          0          0       1839   images.o
       508          8          0          1          0       2115   io_expander.o
      1548         34          0          0          0       4572   lcd.o
        60          6          0          0          0      30658   main.o
       124          0          0          0          0       1935   pc_buffer.o
       728         52          0          0          0      31561   project_hardware_init.o
       564         94          0         32          0       2343   project_interrupts.o
       520         24          0          2         28       5673   serial_debug.o
       396         26          0          0          0       1861   spi.o
       164         10          0          0          0        873   spi_select.o
       252         10        620          0       4096       5440   startup_tm4c123.o
       592        138          0          4          0       1553   system_tm4c123.o
      6416        168          0         52       1000       9215   tetris_game_logic.o
       368         16          0          0          0       2095   timers.o
       664         52          0          0          0      33611   uart.o

    ----------------------------------------------------------------------
     15432        714      16384         92       5128     150894   Object Totals
         0          0         32          0          0          0   (incl. Generated)
         0          0          1          1          4          0   (incl. Padding)

    ----------------------------------------------------------------------

      Code (inc. data)   RO Data    RW Data    ZI Data      Debug   Library Member Name

         0          0          0          0          0          0   entry.o
         0          0          0          0          0          0   entry10a.o
         0          0          0          0          0          0   entry11a.o
         8          4          0          0          0          0   entry2.o
         4          0          0          0          0          0   entry5.o
         0          0          0          0          0          0   entry7b.o
         0          0          0          0          0          0   entry8b.o
         8          4          0          0          0          0   entry9a.o
        30          0          0          0          0          0   handlers.o
        36          8          0          0          0         68   init.o
       108         16          0          0          0         84   malloc.o
         0          0          0          8          0          0   mvars.o
         0          0          0          4          0          0   stdout.o

    ----------------------------------------------------------------------
       196         32          0         12          0        152   Library Totals
         2          0          0          0          0          0   (incl. Padding)

    ----------------------------------------------------------------------

      Code (inc. data)   RO Data    RW Data    ZI Data      Debug   Library Name

       194         32          0         12          0        152   mc_w.l

    ----------------------------------------------------------------------
       196         32          0         12          0        152   Library Totals

    ----------------------------------------------------------------------

==============================================================================


      Code (inc. data)   RO Data    RW Data    ZI Data      Debug   

     15628        746      16384        104       5128     148450   Grand Totals
     15628        746      16384        104       5128     148450   ELF Image Totals
     15628        746      16384        104          0          0   ROM Totals

==============================================================================

    Total RO  Size (Code + RO Data)                32012 (  31.26kB)
    Total RW  Size (RW Data + ZI Data)              5232 (   5.11kB)
    Total ROM Size (Code + RO Data + RW Data)      32116 (  31.36kB)

==============================================================================

